../Core/LoRa/LoRa_Lib/LoRa.c:5:6:newLoRa	88	static
../Core/LoRa/LoRa_Lib/LoRa.c:17:6:LoRa_reset	16	static
../Core/LoRa/LoRa_Lib/LoRa.c:24:6:LoRa_readReg	24	static
../Core/LoRa/LoRa_Lib/LoRa.c:33:6:LoRa_writeReg	24	static
../Core/LoRa/LoRa_Lib/LoRa.c:42:6:LoRa_gotoMode	24	static
../Core/LoRa/LoRa_Lib/LoRa.c:64:9:LoRa_read	32	static
../Core/LoRa/LoRa_Lib/LoRa.c:71:6:LoRa_write	32	static
../Core/LoRa/LoRa_Lib/LoRa.c:76:6:LoRa_BurstWrite	32	static
../Core/LoRa/LoRa_Lib/LoRa.c:86:6:LoRa_setFrequency	32	static
../Core/LoRa/LoRa_Lib/LoRa.c:93:6:LoRa_setSpreadingFactor	24	static
../Core/LoRa/LoRa_Lib/LoRa.c:99:6:LoRa_setPower	16	static
../Core/LoRa/LoRa_Lib/LoRa.c:103:6:LoRa_setOCP	24	static
../Core/LoRa/LoRa_Lib/LoRa.c:113:6:LoRa_setSyncWord	16	static
../Core/LoRa/LoRa_Lib/LoRa.c:117:9:LoRa_init	24	static
../Core/LoRa/LoRa_Lib/LoRa.c:160:9:LoRa_transmit	40	static
../Core/LoRa/LoRa_Lib/LoRa.c:189:9:LoRa_receive	40	static
../Core/LoRa/LoRa_Lib/LoRa.c:215:6:LoRa_startReceiving	16	static
../Core/LoRa/LoRa_Lib/LoRa.c:219:5:LoRa_getRSSI	24	static
