../Core/Peripheral/DS3231/DS3231.c:15:6:DS3231_Init	16	static
../Core/Peripheral/DS3231/DS3231.c:29:6:DS3231_SetRegByte	32	static
../Core/Peripheral/DS3231/DS3231.c:39:9:DS3231_GetRegByte	32	static
../Core/Peripheral/DS3231/DS3231.c:50:6:DS3231_EnableBatterySquareWave	24	static
../Core/Peripheral/DS3231/DS3231.c:59:6:DS3231_SetInterruptMode	24	static
../Core/Peripheral/DS3231/DS3231.c:68:6:DS3231_SetRateSelect	24	static
../Core/Peripheral/DS3231/DS3231.c:77:6:DS3231_EnableOscillator	24	static
../Core/Peripheral/DS3231/DS3231.c:86:6:DS3231_EnableAlarm2	24	static
../Core/Peripheral/DS3231/DS3231.c:95:6:DS3231_ClearAlarm2Flag	16	static
../Core/Peripheral/DS3231/DS3231.c:104:6:DS3231_SetAlarm2Minute	24	static
../Core/Peripheral/DS3231/DS3231.c:114:6:DS3231_SetAlarm2Hour	24	static
../Core/Peripheral/DS3231/DS3231.c:124:6:DS3231_SetAlarm2Date	24	static
../Core/Peripheral/DS3231/DS3231.c:134:6:DS3231_SetAlarm2Day	24	static
../Core/Peripheral/DS3231/DS3231.c:144:6:DS3231_SetAlarm2Mode	24	static
../Core/Peripheral/DS3231/DS3231.c:158:6:DS3231_EnableAlarm1	24	static
../Core/Peripheral/DS3231/DS3231.c:167:6:DS3231_ClearAlarm1Flag	16	static
../Core/Peripheral/DS3231/DS3231.c:176:6:DS3231_SetAlarm1Second	24	static
../Core/Peripheral/DS3231/DS3231.c:186:6:DS3231_SetAlarm1Minute	24	static
../Core/Peripheral/DS3231/DS3231.c:196:6:DS3231_SetAlarm1Hour	24	static
../Core/Peripheral/DS3231/DS3231.c:206:6:DS3231_SetAlarm1Date	24	static
../Core/Peripheral/DS3231/DS3231.c:216:6:DS3231_SetAlarm1Day	24	static
../Core/Peripheral/DS3231/DS3231.c:226:6:DS3231_SetAlarm1Mode	24	static
../Core/Peripheral/DS3231/DS3231.c:242:9:DS3231_IsOscillatorStopped	8	static
../Core/Peripheral/DS3231/DS3231.c:250:9:DS3231_Is32kHzEnabled	8	static
../Core/Peripheral/DS3231/DS3231.c:258:9:DS3231_IsAlarm1Triggered	8	static
../Core/Peripheral/DS3231/DS3231.c:266:9:DS3231_IsAlarm2Triggered	8	static
../Core/Peripheral/DS3231/DS3231.c:274:9:DS3231_GetDayOfWeek	8	static
../Core/Peripheral/DS3231/DS3231.c:282:9:DS3231_GetDate	8	static
../Core/Peripheral/DS3231/DS3231.c:290:9:DS3231_GetMonth	8	static
../Core/Peripheral/DS3231/DS3231.c:298:10:DS3231_GetYear	16	static
../Core/Peripheral/DS3231/DS3231.c:308:9:DS3231_GetHour	8	static
../Core/Peripheral/DS3231/DS3231.c:316:9:DS3231_GetMinute	8	static
../Core/Peripheral/DS3231/DS3231.c:324:9:DS3231_GetSecond	8	static
../Core/Peripheral/DS3231/DS3231.c:332:6:DS3231_SetDayOfWeek	16	static
../Core/Peripheral/DS3231/DS3231.c:340:6:DS3231_SetDate	16	static
../Core/Peripheral/DS3231/DS3231.c:348:6:DS3231_SetMonth	24	static
../Core/Peripheral/DS3231/DS3231.c:357:6:DS3231_SetYear	24	static
../Core/Peripheral/DS3231/DS3231.c:368:6:DS3231_SetHour	16	static
../Core/Peripheral/DS3231/DS3231.c:376:6:DS3231_SetMinute	16	static
../Core/Peripheral/DS3231/DS3231.c:384:6:DS3231_SetSecond	16	static
../Core/Peripheral/DS3231/DS3231.c:394:6:DS3231_SetFullTime	16	static
../Core/Peripheral/DS3231/DS3231.c:407:6:DS3231_SetFullDate	24	static
../Core/Peripheral/DS3231/DS3231.c:419:9:DS3231_DecodeBCD	16	static
../Core/Peripheral/DS3231/DS3231.c:428:9:DS3231_EncodeBCD	16	static
../Core/Peripheral/DS3231/DS3231.c:436:6:DS3231_Enable32kHzOutput	24	static
../Core/Peripheral/DS3231/DS3231.c:445:8:DS3231_GetTemperatureInteger	8	static
../Core/Peripheral/DS3231/DS3231.c:453:9:DS3231_GetTemperatureFraction	8	static
