../Core/Peripheral/LSM303DLHC/lsm303dlhc.c:73:6:LSM303DLHC_AccInit	24	static
../Core/Peripheral/LSM303DLHC/lsm303dlhc.c:94:6:LSM303DLHC_AccDeInit	4	static
../Core/Peripheral/LSM303DLHC/lsm303dlhc.c:103:9:LSM303DLHC_AccReadID	16	static
../Core/Peripheral/LSM303DLHC/lsm303dlhc.c:121:6:LSM303DLHC_AccRebootCmd	16	static
../Core/Peripheral/LSM303DLHC/lsm303dlhc.c:140:6:LSM303DLHC_AccFilterConfig	24	static
../Core/Peripheral/LSM303DLHC/lsm303dlhc.c:162:6:LSM303DLHC_AccFilterCmd	24	static
../Core/Peripheral/LSM303DLHC/lsm303dlhc.c:182:6:LSM303DLHC_AccReadXYZ	40	static
../Core/Peripheral/LSM303DLHC/lsm303dlhc.c:251:6:LSM303DLHC_AccFilterClickCmd	24	static
../Core/Peripheral/LSM303DLHC/lsm303dlhc.c:279:6:LSM303DLHC_AccIT1Enable	24	static
../Core/Peripheral/LSM303DLHC/lsm303dlhc.c:306:6:LSM303DLHC_AccIT1Disable	24	static
../Core/Peripheral/LSM303DLHC/lsm303dlhc.c:332:6:LSM303DLHC_AccIT2Enable	24	static
../Core/Peripheral/LSM303DLHC/lsm303dlhc.c:358:6:LSM303DLHC_AccIT2Disable	24	static
../Core/Peripheral/LSM303DLHC/lsm303dlhc.c:378:6:LSM303DLHC_AccINT1InterruptEnable	24	static
../Core/Peripheral/LSM303DLHC/lsm303dlhc.c:398:6:LSM303DLHC_AccINT1InterruptDisable	24	static
../Core/Peripheral/LSM303DLHC/lsm303dlhc.c:418:6:LSM303DLHC_AccINT2InterruptEnable	24	static
../Core/Peripheral/LSM303DLHC/lsm303dlhc.c:438:6:LSM303DLHC_AccINT2InterruptDisable	24	static
../Core/Peripheral/LSM303DLHC/lsm303dlhc.c:457:6:LSM303DLHC_AccClickITEnable	24	static
../Core/Peripheral/LSM303DLHC/lsm303dlhc.c:491:6:LSM303DLHC_AccClickITDisable	24	static
../Core/Peripheral/LSM303DLHC/lsm303dlhc.c:510:6:LSM303DLHC_AccZClickITConfig	8	static
../Core/Peripheral/LSM303DLHC/lsm303dlhc.c:525:6:COMPASSACCELERO_IO_Write	32	static
../Core/Peripheral/LSM303DLHC/lsm303dlhc.c:529:9:COMPASSACCELERO_IO_Read	40	static
../Core/Peripheral/LSM303DLHC/lsm303dlhc.c:536:9:COMPASSACCELERO_IO_Init	4	static
../Core/Peripheral/LSM303DLHC/lsm303dlhc.c:540:9:COMPASSACCELERO_IO_ITConfig	4	static
../Core/Peripheral/LSM303DLHC/lsm303dlhc.c:545:6:LSM303DLHC_MagReadXYZ	40	static
../Core/Peripheral/LSM303DLHC/lsm303dlhc.c:560:6:LSM303DLHC_MagInit	8	static
