../Core/Src/main.c:92:5:main	15
../Core/Src/main.c:223:6:SystemClock_Config	3
../Core/Src/main.c:265:13:MX_ADC1_Init	3
../Core/Src/main.c:317:13:MX_I2C1_Init	2
../Core/Src/main.c:351:13:MX_I2C2_Init	2
../Core/Src/main.c:385:13:MX_SPI3_Init	2
../Core/Src/main.c:423:13:MX_TIM1_Init	4
../Core/Src/main.c:469:13:MX_USART1_UART_Init	2
../Core/Src/main.c:502:13:MX_GPIO_Init	1
../Core/Src/main.c:589:6:HAL_TIM_PeriodElapsedCallback	3
../Core/Src/main.c:606:6:HAL_ADC_ConvCpltCallback	2
../Core/Src/main.c:621:6:Error_Handler	1
