../Core/Peripheral/LoRa/LoRa_Lib/LoRa.c:6:6:newLoRa	88	static
../Core/Peripheral/LoRa/LoRa_Lib/LoRa.c:18:6:LoRa_reset	16	static
../Core/Peripheral/LoRa/LoRa_Lib/LoRa.c:25:6:LoRa_readReg	24	static
../Core/Peripheral/LoRa/LoRa_Lib/LoRa.c:34:6:LoRa_writeReg	24	static
../Core/Peripheral/LoRa/LoRa_Lib/LoRa.c:43:6:LoRa_gotoMode	24	static
../Core/Peripheral/LoRa/LoRa_Lib/LoRa.c:65:9:LoRa_read	32	static
../Core/Peripheral/LoRa/LoRa_Lib/LoRa.c:72:6:LoRa_write	32	static
../Core/Peripheral/LoRa/LoRa_Lib/LoRa.c:77:6:LoRa_BurstWrite	32	static
../Core/Peripheral/LoRa/LoRa_Lib/LoRa.c:87:6:LoRa_setFrequency	32	static
../Core/Peripheral/LoRa/LoRa_Lib/LoRa.c:94:6:LoRa_setSpreadingFactor	24	static
../Core/Peripheral/LoRa/LoRa_Lib/LoRa.c:100:6:LoRa_setPower	16	static
../Core/Peripheral/LoRa/LoRa_Lib/LoRa.c:104:6:LoRa_setOCP	24	static
../Core/Peripheral/LoRa/LoRa_Lib/LoRa.c:114:6:LoRa_setSyncWord	16	static
../Core/Peripheral/LoRa/LoRa_Lib/LoRa.c:118:9:LoRa_init	24	static
../Core/Peripheral/LoRa/LoRa_Lib/LoRa.c:161:9:LoRa_transmit	40	static
../Core/Peripheral/LoRa/LoRa_Lib/LoRa.c:192:9:LoRa_receive	40	static
../Core/Peripheral/LoRa/LoRa_Lib/LoRa.c:219:6:LoRa_startReceiving	16	static
../Core/Peripheral/LoRa/LoRa_Lib/LoRa.c:223:5:LoRa_getRSSI	24	static
