../Core/App/Application.c:49:6:App_Trekking_Init	8	static
../Core/App/Application.c:58:6:App_Compass	136	static
../Core/App/Application.c:130:6:App_Weather	8	static
../Core/App/Application.c:134:6:App_GPS	168	static
../Core/App/Application.c:233:6:App_CurrentTime	8	static
../Core/App/Application.c:244:6:App_UI	120	static
../Core/App/Application.c:266:6:BME280_Init	16	static
../Core/App/Application.c:288:6:Calib_Compass	32	static
../Core/App/Application.c:304:6:Finish_Calib_Compass	24	static
../Core/App/Application.c:324:6:HAL_GPIO_EXTI_Callback	24	static
../Core/App/Application.c:378:6:SOS_Action	4	static
