../Core/App/UI.c:31:6:Update_UI_Action	16	static
../Core/App/UI.c:55:6:Update_Up_Action	32	static
../Core/App/UI.c:163:6:Update_Down_Action	32	static
../Core/App/UI.c:271:6:Update_Left_Action	8	static
../Core/App/UI.c:318:6:Update_Right_Action	8	static
../Core/App/UI.c:355:6:Update_Select_Action	8	static
../Core/App/UI.c:387:6:Update_Main_Screen	48	static
../Core/App/UI.c:464:6:Settings_None_UI	40	static
../Core/App/UI.c:521:6:Settings_Hour_UI	16	static
../Core/App/UI.c:529:6:Settings_Minute_UI	16	static
../Core/App/UI.c:537:6:Settings_Second_UI	16	static
../Core/App/UI.c:546:6:Settings_Day_UI	16	static
../Core/App/UI.c:554:6:Settings_Date_UI	16	static
../Core/App/UI.c:563:6:Settings_Month_UI	16	static
../Core/App/UI.c:571:6:Settings_Year_UI	16	static
../Core/App/UI.c:578:6:Menu_UI	16	static
../Core/App/UI.c:592:6:Compass_UI	40	static
../Core/App/UI.c:613:6:UI_DrawCompassRotateDial	104	static
../Core/App/UI.c:686:6:SOS_UI	16	static
../Core/App/UI.c:739:13:CompassDirection	16	static
../Core/App/UI.c:752:6:Menu_Compass_UI	16	static
../Core/App/UI.c:775:6:Menu_Settings_UI	16	static
../Core/App/UI.c:802:6:Menu_GPS_UI	16	static
