Archive member included to satisfy reference by file (symbol)

C:/ST/STM32CubeIDE_2.1.1/STM32CubeIDE/plugins/com.st.stm32cube.ide.mcu.externaltools.gnu-tools-for-stm32.14.3.rel1.win32_1.0.100.202602081740/tools/bin/../lib/gcc/arm-none-eabi/14.3.1/../../../../arm-none-eabi/lib/thumb/v7e-m+fp/hard\libc_nano.a(libc_a-atof.o)
                              ./Core/Peripheral/GPS/gps_gp02.o (atof)
C:/ST/STM32CubeIDE_2.1.1/STM32CubeIDE/plugins/com.st.stm32cube.ide.mcu.externaltools.gnu-tools-for-stm32.14.3.rel1.win32_1.0.100.202602081740/tools/bin/../lib/gcc/arm-none-eabi/14.3.1/../../../../arm-none-eabi/lib/thumb/v7e-m+fp/hard\libc_nano.a(libc_a-exit.o)
                              C:/ST/STM32CubeIDE_2.1.1/STM32CubeIDE/plugins/com.st.stm32cube.ide.mcu.externaltools.gnu-tools-for-stm32.14.3.rel1.win32_1.0.100.202602081740/tools/bin/../lib/gcc/arm-none-eabi/14.3.1/../../../../arm-none-eabi/lib/thumb/v7e-m+fp/hard/crt0.o (exit)
C:/ST/STM32CubeIDE_2.1.1/STM32CubeIDE/plugins/com.st.stm32cube.ide.mcu.externaltools.gnu-tools-for-stm32.14.3.rel1.win32_1.0.100.202602081740/tools/bin/../lib/gcc/arm-none-eabi/14.3.1/../../../../arm-none-eabi/lib/thumb/v7e-m+fp/hard\libc_nano.a(libc_a-strtod.o)
                              C:/ST/STM32CubeIDE_2.1.1/STM32CubeIDE/plugins/com.st.stm32cube.ide.mcu.externaltools.gnu-tools-for-stm32.14.3.rel1.win32_1.0.100.202602081740/tools/bin/../lib/gcc/arm-none-eabi/14.3.1/../../../../arm-none-eabi/lib/thumb/v7e-m+fp/hard\libc_nano.a(libc_a-atof.o) (strtod)
C:/ST/STM32CubeIDE_2.1.1/STM32CubeIDE/plugins/com.st.stm32cube.ide.mcu.externaltools.gnu-tools-for-stm32.14.3.rel1.win32_1.0.100.202602081740/tools/bin/../lib/gcc/arm-none-eabi/14.3.1/../../../../arm-none-eabi/lib/thumb/v7e-m+fp/hard\libc_nano.a(libc_a-nano-vfprintf_float.o)
                              (_printf_float)
C:/ST/STM32CubeIDE_2.1.1/STM32CubeIDE/plugins/com.st.stm32cube.ide.mcu.externaltools.gnu-tools-for-stm32.14.3.rel1.win32_1.0.100.202602081740/tools/bin/../lib/gcc/arm-none-eabi/14.3.1/../../../../arm-none-eabi/lib/thumb/v7e-m+fp/hard\libc_nano.a(libc_a-nano-vfprintf_i.o)
                              C:/ST/STM32CubeIDE_2.1.1/STM32CubeIDE/plugins/com.st.stm32cube.ide.mcu.externaltools.gnu-tools-for-stm32.14.3.rel1.win32_1.0.100.202602081740/tools/bin/../lib/gcc/arm-none-eabi/14.3.1/../../../../arm-none-eabi/lib/thumb/v7e-m+fp/hard\libc_nano.a(libc_a-nano-vfprintf_float.o) (_printf_common)
C:/ST/STM32CubeIDE_2.1.1/STM32CubeIDE/plugins/com.st.stm32cube.ide.mcu.externaltools.gnu-tools-for-stm32.14.3.rel1.win32_1.0.100.202602081740/tools/bin/../lib/gcc/arm-none-eabi/14.3.1/../../../../arm-none-eabi/lib/thumb/v7e-m+fp/hard\libc_nano.a(libc_a-nano-vfscanf_float.o)
                              (_scanf_float)
C:/ST/STM32CubeIDE_2.1.1/STM32CubeIDE/plugins/com.st.stm32cube.ide.mcu.externaltools.gnu-tools-for-stm32.14.3.rel1.win32_1.0.100.202602081740/tools/bin/../lib/gcc/arm-none-eabi/14.3.1/../../../../arm-none-eabi/lib/thumb/v7e-m+fp/hard\libc_nano.a(libc_a-findfp.o)
                              C:/ST/STM32CubeIDE_2.1.1/STM32CubeIDE/plugins/com.st.stm32cube.ide.mcu.externaltools.gnu-tools-for-stm32.14.3.rel1.win32_1.0.100.202602081740/tools/bin/../lib/gcc/arm-none-eabi/14.3.1/../../../../arm-none-eabi/lib/thumb/v7e-m+fp/hard\libc_nano.a(libc_a-exit.o) (__stdio_exit_handler)
C:/ST/STM32CubeIDE_2.1.1/STM32CubeIDE/plugins/com.st.stm32cube.ide.mcu.externaltools.gnu-tools-for-stm32.14.3.rel1.win32_1.0.100.202602081740/tools/bin/../lib/gcc/arm-none-eabi/14.3.1/../../../../arm-none-eabi/lib/thumb/v7e-m+fp/hard\libc_nano.a(libc_a-fwalk.o)
                              C:/ST/STM32CubeIDE_2.1.1/STM32CubeIDE/plugins/com.st.stm32cube.ide.mcu.externaltools.gnu-tools-for-stm32.14.3.rel1.win32_1.0.100.202602081740/tools/bin/../lib/gcc/arm-none-eabi/14.3.1/../../../../arm-none-eabi/lib/thumb/v7e-m+fp/hard\libc_nano.a(libc_a-findfp.o) (_fwalk_sglue)
C:/ST/STM32CubeIDE_2.1.1/STM32CubeIDE/plugins/com.st.stm32cube.ide.mcu.externaltools.gnu-tools-for-stm32.14.3.rel1.win32_1.0.100.202602081740/tools/bin/../lib/gcc/arm-none-eabi/14.3.1/../../../../arm-none-eabi/lib/thumb/v7e-m+fp/hard\libc_nano.a(libc_a-puts.o)
                              ./Core/Peripheral/BME280/BME280.o (puts)
C:/ST/STM32CubeIDE_2.1.1/STM32CubeIDE/plugins/com.st.stm32cube.ide.mcu.externaltools.gnu-tools-for-stm32.14.3.rel1.win32_1.0.100.202602081740/tools/bin/../lib/gcc/arm-none-eabi/14.3.1/../../../../arm-none-eabi/lib/thumb/v7e-m+fp/hard\libc_nano.a(libc_a-snprintf.o)
                              ./Core/App/Application.o (snprintf)
C:/ST/STM32CubeIDE_2.1.1/STM32CubeIDE/plugins/com.st.stm32cube.ide.mcu.externaltools.gnu-tools-for-stm32.14.3.rel1.win32_1.0.100.202602081740/tools/bin/../lib/gcc/arm-none-eabi/14.3.1/../../../../arm-none-eabi/lib/thumb/v7e-m+fp/hard\libc_nano.a(libc_a-sprintf.o)
                              ./Core/App/UI.o (sprintf)
[...]
Memory Configuration

Name             Origin             Length             Attributes
CCMRAM           0x10000000         0x00010000         xrw
RAM              0x20000000         0x00020000         xrw
FLASH            0x08000000         0x00080000         xr
*default*        0x00000000         0xffffffff

Linker script and memory map

LOAD C:/ST/STM32CubeIDE_2.1.1/STM32CubeIDE/plugins/com.st.stm32cube.ide.mcu.externaltools.gnu-tools-for-stm32.14.3.rel1.win32_1.0.100.202602081740/tools/bin/../lib/gcc/arm-none-eabi/14.3.1/thumb/v7e-m+fp/hard/crti.o
LOAD C:/ST/STM32CubeIDE_2.1.1/STM32CubeIDE/plugins/com.st.stm32cube.ide.mcu.externaltools.gnu-tools-for-stm32.14.3.rel1.win32_1.0.100.202602081740/tools/bin/../lib/gcc/arm-none-eabi/14.3.1/thumb/v7e-m+fp/hard/crtbegin.o
LOAD C:/ST/STM32CubeIDE_2.1.1/STM32CubeIDE/plugins/com.st.stm32cube.ide.mcu.externaltools.gnu-tools-for-stm32.14.3.rel1.win32_1.0.100.202602081740/tools/bin/../lib/gcc/arm-none-eabi/14.3.1/../../../../arm-none-eabi/lib/thumb/v7e-m+fp/hard/crt0.o
LOAD ./Core/App/Application.o
LOAD ./Core/App/UI.o
LOAD ./Core/Function/Function_Gather.o
LOAD ./Core/Function/Function_Help.o
LOAD ./Core/Peripheral/BME280/BME280.o
LOAD ./Core/Peripheral/DS3231/DS3231.o
LOAD ./Core/Peripheral/GPS/gps_gp02.o
LOAD ./Core/Peripheral/LSM303DLHC/lsm303dlhc.o
LOAD ./Core/Peripheral/LoRa/LoRa_Frame/LoRa_Frame.o
LOAD ./Core/Peripheral/LoRa/LoRa_Lib/LoRa.o
LOAD ./Core/Peripheral/LoRa/Slave_LoRa/slave_lora.o
LOAD ./Core/Peripheral/SH1160/SH1106.o
LOAD ./Core/Peripheral/SH1160/bitmap.o
LOAD ./Core/Peripheral/SH1160/fonts.o
LOAD ./Core/Src/main.o
LOAD ./Core/Src/stm32f4xx_hal_msp.o
LOAD ./Core/Src/stm32f4xx_it.o
LOAD ./Core/Src/syscalls.o
LOAD ./Core/Src/sysmem.o
LOAD ./Core/Src/system_stm32f4xx.o
LOAD ./Core/Startup/startup_stm32f407vetx.o
LOAD ./Drivers/STM32F4xx_HAL_Driver/Src/stm32f4xx_hal.o
LOAD ./Drivers/STM32F4xx_HAL_Driver/Src/stm32f4xx_hal_adc.o
LOAD ./Drivers/STM32F4xx_HAL_Driver/Src/stm32f4xx_hal_adc_ex.o
LOAD ./Drivers/STM32F4xx_HAL_Driver/Src/stm32f4xx_hal_cortex.o
LOAD ./Drivers/STM32F4xx_HAL_Driver/Src/stm32f4xx_hal_dma.o
LOAD ./Drivers/STM32F4xx_HAL_Driver/Src/stm32f4xx_hal_dma_ex.o
LOAD ./Drivers/STM32F4xx_HAL_Driver/Src/stm32f4xx_hal_exti.o
LOAD ./Drivers/STM32F4xx_HAL_Driver/Src/stm32f4xx_hal_flash.o
LOAD ./Drivers/STM32F4xx_HAL_Driver/Src/stm32f4xx_hal_flash_ex.o
LOAD ./Drivers/STM32F4xx_HAL_Driver/Src/stm32f4xx_hal_flash_ramfunc.o
LOAD ./Drivers/STM32F4xx_HAL_Driver/Src/stm32f4xx_hal_gpio.o
LOAD ./Drivers/STM32F4xx_HAL_Driver/Src/stm32f4xx_hal_i2c.o
LOAD ./Drivers/STM32F4xx_HAL_Driver/Src/stm32f4xx_hal_i2c_ex.o
LOAD ./Drivers/STM32F4xx_HAL_Driver/Src/stm32f4xx_hal_pwr.o
LOAD ./Drivers/STM32F4xx_HAL_Driver/Src/stm32f4xx_hal_pwr_ex.o
LOAD ./Drivers/STM32F4xx_HAL_Driver/Src/stm32f4xx_hal_rcc.o
LOAD ./Drivers/STM32F4xx_HAL_Driver/Src/stm32f4xx_hal_rcc_ex.o
LOAD ./Drivers/STM32F4xx_HAL_Driver/Src/stm32f4xx_hal_spi.o
LOAD ./Drivers/STM32F4xx_HAL_Driver/Src/stm32f4xx_hal_tim.o
LOAD ./Drivers/STM32F4xx_HAL_Driver/Src/stm32f4xx_hal_tim_ex.o
LOAD ./Drivers/STM32F4xx_HAL_Driver/Src/stm32f4xx_hal_uart.o
START GROUP
LOAD C:/ST/STM32CubeIDE_2.1.1/STM32CubeIDE/plugins/com.st.stm32cube.ide.mcu.externaltools.gnu-tools-for-stm32.14.3.rel1.win32_1.0.100.202602081740/tools/bin/../lib/gcc/arm-none-eabi/14.3.1/../../../../arm-none-eabi/lib/thumb/v7e-m+fp/hard\libc_nano.a
LOAD C:/ST/STM32CubeIDE_2.1.1/STM32CubeIDE/plugins/com.st.stm32cube.ide.mcu.externaltools.gnu-tools-for-stm32.14.3.rel1.win32_1.0.100.202602081740/tools/bin/../lib/gcc/arm-none-eabi/14.3.1/../../../../arm-none-eabi/lib/thumb/v7e-m+fp/hard\libm.a
END GROUP
START GROUP
LOAD C:/ST/STM32CubeIDE_2.1.1/STM32CubeIDE/plugins/com.st.stm32cube.ide.mcu.externaltools.gnu-tools-for-stm32.14.3.rel1.win32_1.0.100.202602081740/tools/bin/../lib/gcc/arm-none-eabi/14.3.1/thumb/v7e-m+fp/hard\libgcc.a
LOAD C:/ST/STM32CubeIDE_2.1.1/STM32CubeIDE/plugins/com.st.stm32cube.ide.mcu.externaltools.gnu-tools-for-stm32.14.3.rel1.win32_1.0.100.202602081740/tools/bin/../lib/gcc/arm-none-eabi/14.3.1/../../../../arm-none-eabi/lib/thumb/v7e-m+fp/hard\libc_nano.a
END GROUP
START GROUP
LOAD C:/ST/STM32CubeIDE_2.1.1/STM32CubeIDE/plugins/com.st.stm32cube.ide.mcu.externaltools.gnu-tools-for-stm32.14.3.rel1.win32_1.0.100.202602081740/tools/bin/../lib/gcc/arm-none-eabi/14.3.1/thumb/v7e-m+fp/hard\libgcc.a
LOAD C:/ST/STM32CubeIDE_2.1.1/STM32CubeIDE/plugins/com.st.stm32cube.ide.mcu.externaltools.gnu-tools-for-stm32.14.3.rel1.win32_1.0.100.202602081740/tools/bin/../lib/gcc/arm-none-eabi/14.3.1/../../../../arm-none-eabi/lib/thumb/v7e-m+fp/hard\libc_nano.a
LOAD C:/ST/STM32CubeIDE_2.1.1/STM32CubeIDE/plugins/com.st.stm32cube.ide.mcu.externaltools.gnu-tools-for-stm32.14.3.rel1.win32_1.0.100.202602081740/tools/bin/../lib/gcc/arm-none-eabi/14.3.1/../../../../arm-none-eabi/lib/thumb/v7e-m+fp/hard\libnosys.a
END GROUP
START GROUP
LOAD C:/ST/STM32CubeIDE_2.1.1/STM32CubeIDE/plugins/com.st.stm32cube.ide.mcu.externaltools.gnu-tools-for-stm32.14.3.rel1.win32_1.0.100.202602081740/tools/bin/../lib/gcc/arm-none-eabi/14.3.1/thumb/v7e-m+fp/hard\libgcc.a
LOAD C:/ST/STM32CubeIDE_2.1.1/STM32CubeIDE/plugins/com.st.stm32cube.ide.mcu.externaltools.gnu-tools-for-stm32.14.3.rel1.win32_1.0.100.202602081740/tools/bin/../lib/gcc/arm-none-eabi/14.3.1/../../../../arm-none-eabi/lib/thumb/v7e-m+fp/hard\libc_nano.a
LOAD C:/ST/STM32CubeIDE_2.1.1/STM32CubeIDE/plugins/com.st.stm32cube.ide.mcu.externaltools.gnu-tools-for-stm32.14.3.rel1.win32_1.0.100.202602081740/tools/bin/../lib/gcc/arm-none-eabi/14.3.1/../../../../arm-none-eabi/lib/thumb/v7e-m+fp/hard\libnosys.a
END GROUP
LOAD C:/ST/STM32CubeIDE_2.1.1/STM32CubeIDE/plugins/com.st.stm32cube.ide.mcu.externaltools.gnu-tools-for-stm32.14.3.rel1.win32_1.0.100.202602081740/tools/bin/../lib/gcc/arm-none-eabi/14.3.1/thumb/v7e-m+fp/hard/crtend.o
LOAD C:/ST/STM32CubeIDE_2.1.1/STM32CubeIDE/plugins/com.st.stm32cube.ide.mcu.externaltools.gnu-tools-for-stm32.14.3.rel1.win32_1.0.100.202602081740/tools/bin/../lib/gcc/arm-none-eabi/14.3.1/thumb/v7e-m+fp/hard/crtn.o
                0x20020000                        _estack = (ORIGIN (RAM) + LENGTH (RAM))
                0x00000200                        _Min_Heap_Size = 0x200
                0x00000400                        _Min_Stack_Size = 0x400

.isr_vector     0x08000000      0x188
                0x08000000                        . = ALIGN (0x4)
 *(.isr_vector)
 .isr_vector    0x08000000      0x188 ./Core/Startup/startup_stm32f407vetx.o
                0x08000000                g_pfnVectors
                0x08000188                        . = ALIGN (0x4)

.text           0x08000190    0x173ec
                0x08000190                        . = ALIGN (0x4)
 *(.text)
 .text          0x08000190       0x40 C:/ST/STM32CubeIDE_2.1.1/STM32CubeIDE/plugins/com.st.stm32cube.ide.mcu.externaltools.gnu-tools-for-stm32.14.3.rel1.win32_1.0.100.202602081740/tools/bin/../lib/gcc/arm-none-eabi/14.3.1/thumb/v7e-m+fp/hard/crtbegin.o
 .text          0x080001d0       0xa0 C:/ST/STM32CubeIDE_2.1.1/STM32CubeIDE/plugins/com.st.stm32cube.ide.mcu.externaltools.gnu-tools-for-stm32.14.3.rel1.win32_1.0.100.202602081740/tools/bin/../lib/gcc/arm-none-eabi/14.3.1/../../../../arm-none-eabi/lib/thumb/v7e-m+fp/hard\libc_nano.a(libc_a-memchr.o)
                0x080001d0                memchr
 .text          0x08000270       0x10 C:/ST/STM32CubeIDE_2.1.1/STM32CubeIDE/plugins/com.st.stm32cube.ide.mcu.externaltools.gnu-tools-for-stm32.14.3.rel1.win32_1.0.100.202602081740/tools/bin/../lib/gcc/arm-none-eabi/14.3.1/../../../../arm-none-eabi/lib/thumb/v7e-m+fp/hard\libc_nano.a(libc_a-strlen.o)
                0x08000270                strlen
 .text          0x08000280      0x378 C:/ST/STM32CubeIDE_2.1.1/STM32CubeIDE/plugins/com.st.stm32cube.ide.mcu.externaltools.gnu-tools-for-stm32.14.3.rel1.win32_1.0.100.202602081740/tools/bin/../lib/gcc/arm-none-eabi/14.3.1/thumb/v7e-m+fp/hard\libgcc.a(_arm_addsubdf3.o)
                0x08000280                __aeabi_drsub
                0x08000288                __aeabi_dsub
                0x08000288                __subdf3
                0x0800028c                __aeabi_dadd
                0x0800028c                __adddf3
                0x08000504                __floatunsidf
                0x08000504                __aeabi_ui2d
                0x08000524                __floatsidf
                0x08000524                __aeabi_i2d
                0x08000548                __aeabi_f2d
                0x08000548                __extendsfdf2
                0x0800058c                __floatundidf
                0x0800058c                __aeabi_ul2d
                0x0800059c                __floatdidf
                0x0800059c                __aeabi_l2d
 .text          0x080005f8      0x424 C:/ST/STM32CubeIDE_2.1.1/STM32CubeIDE/plugins/com.st.stm32cube.ide.mcu.externaltools.gnu-tools-for-stm32.14.3.rel1.win32_1.0.100.202602081740/tools/bin/../lib/gcc/arm-none-eabi/14.3.1/thumb/v7e-m+fp/hard\libgcc.a(_arm_muldivdf3.o)
                0x080005f8                __aeabi_dmul
                0x080005f8                __muldf3
                0x0800084c                __divdf3
                0x0800084c                __aeabi_ddiv
 .text          0x08000a1c      0x110 C:/ST/STM32CubeIDE_2.1.1/STM32CubeIDE/plugins/com.st.stm32cube.ide.mcu.externaltools.gnu-tools-for-stm32.14.3.rel1.win32_1.0.100.202602081740/tools/bin/../lib/gcc/arm-none-eabi/14.3.1/thumb/v7e-m+fp/hard\libgcc.a(_arm_cmpdf2.o)
                0x08000a1c                __gtdf2
                0x08000a1c                __gedf2
                0x08000a24                __ltdf2
                0x08000a24                __ledf2
                0x08000a2c                __nedf2
                0x08000a2c                __eqdf2
                0x08000a2c                __cmpdf2
                0x08000aa8                __aeabi_cdrcmple
                0x08000ab8                __aeabi_cdcmpeq
                0x08000ab8                __aeabi_cdcmple
                0x08000ac8                __aeabi_dcmpeq
                0x08000adc                __aeabi_dcmplt
                0x08000af0                __aeabi_dcmple
                0x08000b04                __aeabi_dcmpge
                0x08000b18                __aeabi_dcmpgt
 .text          0x08000b2c       0x2c C:/ST/STM32CubeIDE_2.1.1/STM32CubeIDE/plugins/com.st.stm32cube.ide.mcu.externaltools.gnu-tools-for-stm32.14.3.rel1.win32_1.0.100.202602081740/tools/bin/../lib/gcc/arm-none-eabi/14.3.1/thumb/v7e-m+fp/hard\libgcc.a(_arm_unorddf2.o)
                0x08000b2c                __unorddf2
                0x08000b2c                __aeabi_dcmpun
 .text          0x08000b58       0x50 C:/ST/STM32CubeIDE_2.1.1/STM32CubeIDE/plugins/com.st.stm32cube.ide.mcu.externaltools.gnu-tools-for-stm32.14.3.rel1.win32_1.0.100.202602081740/tools/bin/../lib/gcc/arm-none-eabi/14.3.1/thumb/v7e-m+fp/hard\libgcc.a(_arm_fixdfsi.o)
                0x08000b58                __aeabi_d2iz
                0x08000b58                __fixdfsi
 .text          0x08000ba8       0x40 C:/ST/STM32CubeIDE_2.1.1/STM32CubeIDE/plugins/com.st.stm32cube.ide.mcu.externaltools.gnu-tools-for-stm32.14.3.rel1.win32_1.0.100.202602081740/tools/bin/../lib/gcc/arm-none-eabi/14.3.1/thumb/v7e-m+fp/hard\libgcc.a(_arm_fixunsdfsi.o)
                0x08000ba8                __aeabi_d2uiz
                0x08000ba8                __fixunsdfsi
 .text          0x08000be8       0xa0 C:/ST/STM32CubeIDE_2.1.1/STM32CubeIDE/plugins/com.st.stm32cube.ide.mcu.externaltools.gnu-tools-for-stm32.14.3.rel1.win32_1.0.100.202602081740/tools/bin/../lib/gcc/arm-none-eabi/14.3.1/thumb/v7e-m+fp/hard\libgcc.a(_arm_truncdfsf2.o)
                0x08000be8                __truncdfsf2
                0x08000be8                __aeabi_d2f
 .text          0x08000c88       0xa0 C:/ST/STM32CubeIDE_2.1.1/STM32CubeIDE/plugins/com.st.stm32cube.ide.mcu.externaltools.gnu-tools-for-stm32.14.3.rel1.win32_1.0.100.202602081740/tools/bin/../lib/gcc/arm-none-eabi/14.3.1/thumb/v7e-m+fp/hard\libgcc.a(_aeabi_ldivmod.o)
                0x08000c88                __aeabi_ldivmod
 .text          0x08000d28       0x30 C:/ST/STM32CubeIDE_2.1.1/STM32CubeIDE/plugins/com.st.stm32cube.ide.mcu.externaltools.gnu-tools-for-stm32.14.3.rel1.win32_1.0.100.202602081740/tools/bin/../lib/gcc/arm-none-eabi/14.3.1/thumb/v7e-m+fp/hard\libgcc.a(_aeabi_uldivmod.o)
                0x08000d28                __aeabi_uldivmod
 .text          0x08000d58       0x30 C:/ST/STM32CubeIDE_2.1.1/STM32CubeIDE/plugins/com.st.stm32cube.ide.mcu.externaltools.gnu-tools-for-stm32.14.3.rel1.win32_1.0.100.202602081740/tools/bin/../lib/gcc/arm-none-eabi/14.3.1/thumb/v7e-m+fp/hard\libgcc.a(_fixdfdi.o)
                0x08000d58                __fixdfdi
                0x08000d58                __aeabi_d2lz
 .text          0x08000d88       0x3c C:/ST/STM32CubeIDE_2.1.1/STM32CubeIDE/plugins/com.st.stm32cube.ide.mcu.externaltools.gnu-tools-for-stm32.14.3.rel1.win32_1.0.100.202602081740/tools/bin/../lib/gcc/arm-none-eabi/14.3.1/thumb/v7e-m+fp/hard\libgcc.a(_fixunsdfdi.o)
                0x08000d88                __fixunsdfdi
                0x08000d88                __aeabi_d2ulz
 .text          0x08000dc4      0x2f8 C:/ST/STM32CubeIDE_2.1.1/STM32CubeIDE/plugins/com.st.stm32cube.ide.mcu.externaltools.gnu-tools-for-stm32.14.3.rel1.win32_1.0.100.202602081740/tools/bin/../lib/gcc/arm-none-eabi/14.3.1/thumb/v7e-m+fp/hard\libgcc.a(_udivmoddi4.o)
                0x08000dc4                __udivmoddi4
 .text          0x080010bc        0x4 C:/ST/STM32CubeIDE_2.1.1/STM32CubeIDE/plugins/com.st.stm32cube.ide.mcu.externaltools.gnu-tools-for-stm32.14.3.rel1.win32_1.0.100.202602081740/tools/bin/../lib/gcc/arm-none-eabi/14.3.1/thumb/v7e-m+fp/hard\libgcc.a(_dvmd_tls.o)
                0x080010bc                __aeabi_idiv0
                0x080010bc                __aeabi_ldiv0
 *(.text*)
 .text.App_Trekking_Init
                0x080010c0       0x28 ./Core/App/Application.o
                0x080010c0                App_Trekking_Init
 .text.App_Compass
                0x080010e8      0x3f0 ./Core/App/Application.o
                0x080010e8                App_Compass
 .text.App_Weather
                0x080014d8       0x14 ./Core/App/Application.o
                0x080014d8                App_Weather
 *fill*         0x080014ec        0x4 
 .text.App_GPS  0x080014f0      0x3b4 ./Core/App/Application.o
                0x080014f0                App_GPS
 .text.App_CurrentTime
                0x080018a4       0x78 ./Core/App/Application.o
                0x080018a4                App_CurrentTime
 .text.BME280_Init
                0x0800191c       0x42 ./Core/App/Application.o
                0x0800191c                BME280_Init
 *fill*         0x0800195e        0x2 
 .text.Calib_Compass
                0x08001960      0x100 ./Core/App/Application.o
                0x08001960                Calib_Compass
 .text.Finish_Calib_Compass
                0x08001a60      0x118 ./Core/App/Application.o
                0x08001a60                Finish_Calib_Compass
 .text.HAL_GPIO_EXTI_Callback
                0x08001b78       0xec ./Core/App/Application.o
                0x08001b78                HAL_GPIO_EXTI_Callback
 .text.SOS_Action
                0x08001c64       0x18 ./Core/App/Application.o
                0x08001c64                SOS_Action
 .text.Update_Up_Action
                0x08001c7c      0x278 ./Core/App/UI.o
                0x08001c7c                Update_Up_Action
 .text.Update_Down_Action
                0x08001ef4      0x274 ./Core/App/UI.o
                0x08001ef4                Update_Down_Action
 .text.Update_Left_Action
                0x08002168       0xc0 ./Core/App/UI.o
                0x08002168                Update_Left_Action
 .text.Update_Right_Action
                0x08002228       0x88 ./Core/App/UI.o
                0x08002228                Update_Right_Action
 .text.Update_Select_Action
                0x080022b0       0x90 ./Core/App/UI.o
                0x080022b0                Update_Select_Action
 .text.Update_Main_Screen
                0x08002340      0x378 ./Core/App/UI.o
                0x08002340                Update_Main_Screen
 .text.Settings_None_UI
                0x080026b8      0x224 ./Core/App/UI.o
                0x080026b8                Settings_None_UI
 .text.Settings_Hour_UI
                0x080028dc       0x4c ./Core/App/UI.o
                0x080028dc                Settings_Hour_UI
 .text.Settings_Minute_UI
                0x08002928       0x4c ./Core/App/UI.o
                0x08002928                Settings_Minute_UI
 .text.Settings_Second_UI
                0x08002974       0x4c ./Core/App/UI.o
                0x08002974                Settings_Second_UI
 .text.Settings_Day_UI
                0x080029c0       0x3c ./Core/App/UI.o
                0x080029c0                Settings_Day_UI
 .text.Settings_Date_UI
                0x080029fc       0x4c ./Core/App/UI.o
                0x080029fc                Settings_Date_UI
 .text.Settings_Month_UI
                0x08002a48       0x4c ./Core/App/UI.o
                0x08002a48                Settings_Month_UI
 .text.Settings_Year_UI
                0x08002a94       0x3c ./Core/App/UI.o
                0x08002a94                Settings_Year_UI
 .text.Compass_UI
                0x08002ad0       0xc8 ./Core/App/UI.o
                0x08002ad0                Compass_UI
 .text.UI_DrawCompassRotateDial
                0x08002b98      0x43c ./Core/App/UI.o
                0x08002b98                UI_DrawCompassRotateDial
 *fill*         0x08002fd4        0x4 
 .text.SOS_UI   0x08002fd8      0x238 ./Core/App/UI.o
                0x08002fd8                SOS_UI
 .text.Menu_Compass_UI
                0x08003210      0x104 ./Core/App/UI.o
                0x08003210                Menu_Compass_UI
 .text.Menu_Settings_UI
                0x08003314      0x12c ./Core/App/UI.o
                0x08003314                Menu_Settings_UI
 .text.Menu_GPS_UI
                0x08003440      0x104 ./Core/App/UI.o
                0x08003440                Menu_GPS_UI
 .text.Function_Gather_Trigger
                0x08003544       0xa8 ./Core/Function/Function_Gather.o
                0x08003544                Function_Gather_Trigger
 .text.Function_Gather_Is_Active
                0x080035ec       0x20 ./Core/Function/Function_Gather.o
                0x080035ec                Function_Gather_Is_Active
 .text.Get_Current_Heading
                0x0800360c      0x3b8 ./Core/Function/Function_Gather.o
 *fill*         0x080039c4        0x4 
 .text.Function_Gather_Draw
                0x080039c8      0x7ec ./Core/Function/Function_Gather.o
                0x080039c8                Function_Gather_Draw
 .text.Function_Gather_Handle_Button
                0x080041b4       0xe4 ./Core/Function/Function_Gather.o
                0x080041b4                Function_Gather_Handle_Button
 .text.Function_Help_Trigger
                0x08004298       0x90 ./Core/Function/Function_Help.o
                0x08004298                Function_Help_Trigger
 .text.Function_Help_Is_Active
                0x08004328       0x20 ./Core/Function/Function_Help.o
                0x08004328                Function_Help_Is_Active
 .text.Get_Current_Heading
                0x08004348      0x3b8 ./Core/Function/Function_Help.o
 .text.Function_Help_Draw
                0x08004700      0x808 ./Core/Function/Function_Help.o
                0x08004700                Function_Help_Draw
 .text.Function_Help_Handle_Button
                0x08004f08       0xd4 ./Core/Function/Function_Help.o
                0x08004f08                Function_Help_Handle_Button
 .text.Function_Help_Clear_Ignore
                0x08004fdc       0x24 ./Core/Function/Function_Help.o
                0x08004fdc                Function_Help_Clear_Ignore
 .text.Reset_BME280
                0x08005000       0x70 ./Core/Peripheral/BME280/BME280.o
                0x08005000                Reset_BME280
 .text.BME280_SleepMode
                0x08005070       0x38 ./Core/Peripheral/BME280/BME280.o
                0x08005070                BME280_SleepMode
 .text.Calibdata_BME280
                0x080050a8      0x1ec ./Core/Peripheral/BME280/BME280.o
                0x080050a8                Calibdata_BME280
 .text.RawdataBME280
                0x08005294       0x74 ./Core/Peripheral/BME280/BME280.o
                0x08005294                RawdataBME280
 .text.BME280_measure_Temp
                0x08005308       0x84 ./Core/Peripheral/BME280/BME280.o
                0x08005308                BME280_measure_Temp
 .text.BME280_measure_Press
                0x0800538c      0x57c ./Core/Peripheral/BME280/BME280.o
                0x0800538c                BME280_measure_Press
 .text.BME280_measure_Hum
                0x08005908       0xd8 ./Core/Peripheral/BME280/BME280.o
                0x08005908                BME280_measure_Hum
 .text.BME280Calculation
                0x080059e0      0x1c4 ./Core/Peripheral/BME280/BME280.o
                0x080059e0                BME280Calculation
 .text.BME280Init
                0x08005ba4       0xf8 ./Core/Peripheral/BME280/BME280.o
                0x08005ba4                BME280Init
 .text.DS3231_Init
                0x08005c9c       0x34 ./Core/Peripheral/DS3231/DS3231.o
                0x08005c9c                DS3231_Init
 .text.DS3231_SetRegByte
                0x08005cd0       0x3c ./Core/Peripheral/DS3231/DS3231.o
                0x08005cd0                DS3231_SetRegByte
 .text.DS3231_GetRegByte
                0x08005d0c       0x44 ./Core/Peripheral/DS3231/DS3231.o
                0x08005d0c                DS3231_GetRegByte
 .text.DS3231_SetInterruptMode
                0x08005d50       0x42 ./Core/Peripheral/DS3231/DS3231.o
                0x08005d50                DS3231_SetInterruptMode
 .text.DS3231_EnableAlarm2
                0x08005d92       0x48 ./Core/Peripheral/DS3231/DS3231.o
                0x08005d92                DS3231_EnableAlarm2
 .text.DS3231_ClearAlarm2Flag
                0x08005dda       0x2c ./Core/Peripheral/DS3231/DS3231.o
                0x08005dda                DS3231_ClearAlarm2Flag
 .text.DS3231_EnableAlarm1
                0x08005e06       0x44 ./Core/Peripheral/DS3231/DS3231.o
                0x08005e06                DS3231_EnableAlarm1
 .text.DS3231_ClearAlarm1Flag
                0x08005e4a       0x2c ./Core/Peripheral/DS3231/DS3231.o
                0x08005e4a                DS3231_ClearAlarm1Flag
 .text.DS3231_GetDayOfWeek
                0x08005e76       0x18 ./Core/Peripheral/DS3231/DS3231.o
                0x08005e76                DS3231_GetDayOfWeek
 .text.DS3231_GetDate
                0x08005e8e       0x18 ./Core/Peripheral/DS3231/DS3231.o
                0x08005e8e                DS3231_GetDate
 .text.DS3231_GetMonth
                0x08005ea6       0x1e ./Core/Peripheral/DS3231/DS3231.o
                0x08005ea6                DS3231_GetMonth
 .text.DS3231_GetYear
                0x08005ec4       0x50 ./Core/Peripheral/DS3231/DS3231.o
                0x08005ec4                DS3231_GetYear
 .text.DS3231_GetHour
                0x08005f14       0x18 ./Core/Peripheral/DS3231/DS3231.o
                0x08005f14                DS3231_GetHour
 .text.DS3231_GetMinute
                0x08005f2c       0x18 ./Core/Peripheral/DS3231/DS3231.o
                0x08005f2c                DS3231_GetMinute
 .text.DS3231_GetSecond
                0x08005f44       0x18 ./Core/Peripheral/DS3231/DS3231.o
                0x08005f44                DS3231_GetSecond
 .text.DS3231_SetDayOfWeek
                0x08005f5c       0x24 ./Core/Peripheral/DS3231/DS3231.o
                0x08005f5c                DS3231_SetDayOfWeek
 .text.DS3231_SetDate
                0x08005f80       0x24 ./Core/Peripheral/DS3231/DS3231.o
                0x08005f80                DS3231_SetDate
 .text.DS3231_SetMonth
                0x08005fa4       0x3a ./Core/Peripheral/DS3231/DS3231.o
                0x08005fa4                DS3231_SetMonth
 *fill*         0x08005fde        0x2 
 .text.DS3231_SetYear
                0x08005fe0       0x8c ./Core/Peripheral/DS3231/DS3231.o
                0x08005fe0                DS3231_SetYear
 .text.DS3231_SetHour
                0x0800606c       0x2a ./Core/Peripheral/DS3231/DS3231.o
                0x0800606c                DS3231_SetHour
 .text.DS3231_SetMinute
                0x08006096       0x24 ./Core/Peripheral/DS3231/DS3231.o
                0x08006096                DS3231_SetMinute
 .text.DS3231_SetSecond
                0x080060ba       0x24 ./Core/Peripheral/DS3231/DS3231.o
                0x080060ba                DS3231_SetSecond
 .text.DS3231_DecodeBCD
                0x080060de       0x32 ./Core/Peripheral/DS3231/DS3231.o
                0x080060de                DS3231_DecodeBCD
 .text.DS3231_EncodeBCD
                0x08006110       0x44 ./Core/Peripheral/DS3231/DS3231.o
                0x08006110                DS3231_EncodeBCD
 .text.GPS_SendCommand
                0x08006154       0xc0 ./Core/Peripheral/GPS/gps_gp02.o
                0x08006154                GPS_SendCommand
 .text.GPS_Init
                0x08006214       0x40 ./Core/Peripheral/GPS/gps_gp02.o
                0x08006214                GPS_Init
 .text.GPS_Hardware_Reset
                0x08006254       0x34 ./Core/Peripheral/GPS/gps_gp02.o
                0x08006254                GPS_Hardware_Reset
 .text.GPS_Power_Control
                0x08006288       0x34 ./Core/Peripheral/GPS/gps_gp02.o
                0x08006288                GPS_Power_Control
 .text.NMEA_To_Decimal
                0x080062bc       0x94 ./Core/Peripheral/GPS/gps_gp02.o
 .text.Get_Median
                0x08006350       0xc0 ./Core/Peripheral/GPS/gps_gp02.o
 .text.Parse_NMEA_RMC
                0x08006410      0x1bc ./Core/Peripheral/GPS/gps_gp02.o
 .text.GPS_UART_Callback
                0x080065cc       0xbc ./Core/Peripheral/GPS/gps_gp02.o
                0x080065cc                GPS_UART_Callback
 .text.GPS_Process_Loop
                0x08006688       0x38 ./Core/Peripheral/GPS/gps_gp02.o
                0x08006688                GPS_Process_Loop
 .text.HAL_UART_RxCpltCallback
                0x080066c0       0x16 ./Core/Peripheral/GPS/gps_gp02.o
                0x080066c0                HAL_UART_RxCpltCallback
 .text.LSM303DLHC_AccInit
                0x080066d6       0x3a ./Core/Peripheral/LSM303DLHC/lsm303dlhc.o
                0x080066d6                LSM303DLHC_AccInit
 .text.LSM303DLHC_AccReadXYZ
                0x08006710      0x190 ./Core/Peripheral/LSM303DLHC/lsm303dlhc.o
                0x08006710                LSM303DLHC_AccReadXYZ
 .text.COMPASSACCELERO_IO_Write
                0x080068a0       0x3c ./Core/Peripheral/LSM303DLHC/lsm303dlhc.o
                0x080068a0                COMPASSACCELERO_IO_Write
 .text.COMPASSACCELERO_IO_Read
                0x080068dc       0x40 ./Core/Peripheral/LSM303DLHC/lsm303dlhc.o
                0x080068dc                COMPASSACCELERO_IO_Read
 .text.COMPASSACCELERO_IO_Init
                0x0800691c        0xe ./Core/Peripheral/LSM303DLHC/lsm303dlhc.o
                0x0800691c                COMPASSACCELERO_IO_Init
 *fill*         0x0800692a        0x2 
 .text.LSM303DLHC_MagReadXYZ
                0x0800692c       0x70 ./Core/Peripheral/LSM303DLHC/lsm303dlhc.o
                0x0800692c                LSM303DLHC_MagReadXYZ
 .text.LSM303DLHC_MagInit
                0x0800699c       0x26 ./Core/Peripheral/LSM303DLHC/lsm303dlhc.o
                0x0800699c                LSM303DLHC_MagInit
 *fill*         0x080069c2        0x2 
 .text.calculate_crc16
                0x080069c4       0x88 ./Core/Peripheral/LoRa/LoRa_Frame/LoRa_Frame.o
                0x080069c4                calculate_crc16
 .text.Lora_Init
                0x08006a4c       0xd0 ./Core/Peripheral/LoRa/LoRa_Frame/LoRa_Frame.o
                0x08006a4c                Lora_Init
 .text.LoRa_Read_Frame
                0x08006b1c       0x7c ./Core/Peripheral/LoRa/LoRa_Frame/LoRa_Frame.o
                0x08006b1c                LoRa_Read_Frame
 .text.LoRa_Send_Frame
                0x08006b98       0x54 ./Core/Peripheral/LoRa/LoRa_Frame/LoRa_Frame.o
                0x08006b98                LoRa_Send_Frame
 .text.newLoRa  0x08006bec       0x4c ./Core/Peripheral/LoRa/LoRa_Lib/LoRa.o
                0x08006bec                newLoRa
 .text.LoRa_reset
                0x08006c38       0x3c ./Core/Peripheral/LoRa/LoRa_Lib/LoRa.o
                0x08006c38                LoRa_reset
 .text.LoRa_readReg
                0x08006c74       0x7c ./Core/Peripheral/LoRa/LoRa_Lib/LoRa.o
                0x08006c74                LoRa_readReg
 .text.LoRa_writeReg
                0x08006cf0       0x7c ./Core/Peripheral/LoRa/LoRa_Lib/LoRa.o
                0x08006cf0                LoRa_writeReg
 .text.LoRa_gotoMode
                0x08006d6c       0x9e ./Core/Peripheral/LoRa/LoRa_Lib/LoRa.o
                0x08006d6c                LoRa_gotoMode
 .text.LoRa_read
                0x08006e0a       0x34 ./Core/Peripheral/LoRa/LoRa_Lib/LoRa.o
                0x08006e0a                LoRa_read
 .text.LoRa_write
                0x08006e3e       0x34 ./Core/Peripheral/LoRa/LoRa_Lib/LoRa.o
                0x08006e3e                LoRa_write
 .text.LoRa_BurstWrite
                0x08006e72       0x8e ./Core/Peripheral/LoRa/LoRa_Lib/LoRa.o
                0x08006e72                LoRa_BurstWrite
 .text.LoRa_setFrequency
                0x08006f00       0x8a ./Core/Peripheral/LoRa/LoRa_Lib/LoRa.o
                0x08006f00                LoRa_setFrequency
 .text.LoRa_setSpreadingFactor
                0x08006f8a       0x42 ./Core/Peripheral/LoRa/LoRa_Lib/LoRa.o
                0x08006f8a                LoRa_setSpreadingFactor
 .text.LoRa_setPower
                0x08006fcc       0x20 ./Core/Peripheral/LoRa/LoRa_Lib/LoRa.o
                0x08006fcc                LoRa_setPower
 .text.LoRa_setOCP
                0x08006fec       0x64 ./Core/Peripheral/LoRa/LoRa_Lib/LoRa.o
                0x08006fec                LoRa_setOCP
 .text.LoRa_setSyncWord
                0x08007050       0x20 ./Core/Peripheral/LoRa/LoRa_Lib/LoRa.o
                0x08007050                LoRa_setSyncWord
 .text.LoRa_init
                0x08007070      0x100 ./Core/Peripheral/LoRa/LoRa_Lib/LoRa.o
                0x08007070                LoRa_init
 .text.LoRa_transmit
                0x08007170       0xc4 ./Core/Peripheral/LoRa/LoRa_Lib/LoRa.o
                0x08007170                LoRa_transmit
 .text.LoRa_receive
                0x08007234       0xba ./Core/Peripheral/LoRa/LoRa_Lib/LoRa.o
                0x08007234                LoRa_receive
 .text.LoRa_startReceiving
                0x080072ee       0x18 ./Core/Peripheral/LoRa/LoRa_Lib/LoRa.o
                0x080072ee                LoRa_startReceiving
 .text.LoRa_getRSSI
                0x08007306       0x20 ./Core/Peripheral/LoRa/LoRa_Lib/LoRa.o
                0x08007306                LoRa_getRSSI
 *fill*         0x08007326        0x2 
 .text.Check_And_Update_Cache
                0x08007328      0x130 ./Core/Peripheral/LoRa/Slave_LoRa/slave_lora.o
 .text.Slave_Process_LoRa_Frame
                0x08007458      0x14c ./Core/Peripheral/LoRa/Slave_LoRa/slave_lora.o
                0x08007458                Slave_Process_LoRa_Frame
 .text.Slave_Send_New_Message
                0x080075a4       0xa8 ./Core/Peripheral/LoRa/Slave_LoRa/slave_lora.o
                0x080075a4                Slave_Send_New_Message
 .text.Slave_Lora_Init
                0x0800764c       0x70 ./Core/Peripheral/LoRa/Slave_LoRa/slave_lora.o
                0x0800764c                Slave_Lora_Init
 .text.Slave_Lora_Loop
                0x080076bc       0x88 ./Core/Peripheral/LoRa/Slave_LoRa/slave_lora.o
                0x080076bc                Slave_Lora_Loop
 .text.SH1106_Init
                0x08007744      0x148 ./Core/Peripheral/SH1160/SH1106.o
                0x08007744                SH1106_Init
 .text.SH1106_UpdateScreen
                0x0800788c       0x64 ./Core/Peripheral/SH1160/SH1106.o
                0x0800788c                SH1106_UpdateScreen
 .text.SH1106_Fill
                0x080078f0       0x30 ./Core/Peripheral/SH1160/SH1106.o
                0x080078f0                SH1106_Fill
 .text.SH1106_DrawPixel
                0x08007920       0xd4 ./Core/Peripheral/SH1160/SH1106.o
                0x08007920                SH1106_DrawPixel
 .text.SH1106_GotoXY
                0x080079f4       0x2c ./Core/Peripheral/SH1160/SH1106.o
                0x080079f4                SH1106_GotoXY
 .text.SH1106_Putc
                0x08007a20       0xfc ./Core/Peripheral/SH1160/SH1106.o
                0x08007a20                SH1106_Putc
 .text.SH1106_Puts
                0x08007b1c       0x4a ./Core/Peripheral/SH1160/SH1106.o
                0x08007b1c                SH1106_Puts
 .text.SH1106_DrawLine
                0x08007b66      0x1f6 ./Core/Peripheral/SH1160/SH1106.o
                0x08007b66                SH1106_DrawLine
 .text.SH1106_DrawRectangle
                0x08007d5c       0xd4 ./Core/Peripheral/SH1160/SH1106.o
                0x08007d5c                SH1106_DrawRectangle
 .text.SH1106_DrawFilledRectangle
                0x08007e30       0x9a ./Core/Peripheral/SH1160/SH1106.o
                0x08007e30                SH1106_DrawFilledRectangle
 .text.SH1106_DrawCircle
                0x08007eca      0x1a8 ./Core/Peripheral/SH1160/SH1106.o
                0x08007eca                SH1106_DrawCircle
 .text.SH1106_DrawFilledCircle
                0x08008072      0x1b6 ./Core/Peripheral/SH1160/SH1106.o
                0x08008072                SH1106_DrawFilledCircle
 .text.SH1106_Clear
                0x08008228       0x12 ./Core/Peripheral/SH1160/SH1106.o
                0x08008228                SH1106_Clear
 *fill*         0x0800823a        0x2 
 .text.SH1106_I2C_WriteMulti
                0x0800823c       0xcc ./Core/Peripheral/SH1160/SH1106.o
                0x0800823c                SH1106_I2C_WriteMulti
 .text.SH1106_I2C_Write
                0x08008308       0x3c ./Core/Peripheral/SH1160/SH1106.o
                0x08008308                SH1106_I2C_Write
 .text.SH1106_DrawBitmap
                0x08008344       0xd0 ./Core/Peripheral/SH1160/SH1106.o
                0x08008344                SH1106_DrawBitmap
 .text.main     0x08008414      0x1c8 ./Core/Src/main.o
                0x08008414                main
 .text.SystemClock_Config
                0x080085dc       0xbc ./Core/Src/main.o
                0x080085dc                SystemClock_Config
 .text.MX_ADC1_Init
                0x08008698       0xa4 ./Core/Src/main.o
 .text.MX_I2C1_Init
                0x0800873c       0x5c ./Core/Src/main.o
 .text.MX_I2C2_Init
                0x08008798       0x5c ./Core/Src/main.o
 .text.MX_SPI3_Init
                0x080087f4       0x6c ./Core/Src/main.o
 .text.MX_TIM1_Init
                0x08008860       0xa0 ./Core/Src/main.o
 .text.MX_USART1_UART_Init
                0x08008900       0x54 ./Core/Src/main.o
 .text.MX_GPIO_Init
                0x08008954      0x1ec ./Core/Src/main.o
 .text.HAL_TIM_PeriodElapsedCallback
                0x08008b40       0x48 ./Core/Src/main.o
                0x08008b40                HAL_TIM_PeriodElapsedCallback
 .text.HAL_ADC_ConvCpltCallback
                0x08008b88       0x8c ./Core/Src/main.o
                0x08008b88                HAL_ADC_ConvCpltCallback
 .text.Error_Handler
                0x08008c14        0xc ./Core/Src/main.o
                0x08008c14                Error_Handler
 .text.HAL_MspInit
                0x08008c20       0x5c ./Core/Src/stm32f4xx_hal_msp.o
                0x08008c20                HAL_MspInit
 .text.HAL_ADC_MspInit
                0x08008c7c       0x98 ./Core/Src/stm32f4xx_hal_msp.o
                0x08008c7c                HAL_ADC_MspInit
 .text.HAL_I2C_MspInit
                0x08008d14       0xf8 ./Core/Src/stm32f4xx_hal_msp.o
                0x08008d14                HAL_I2C_MspInit
 .text.HAL_SPI_MspInit
                0x08008e0c       0x90 ./Core/Src/stm32f4xx_hal_msp.o
                0x08008e0c                HAL_SPI_MspInit
 .text.HAL_TIM_Base_MspInit
                0x08008e9c       0x50 ./Core/Src/stm32f4xx_hal_msp.o
                0x08008e9c                HAL_TIM_Base_MspInit
 .text.HAL_UART_MspInit
                0x08008eec       0xa0 ./Core/Src/stm32f4xx_hal_msp.o
                0x08008eec                HAL_UART_MspInit
 .text.NMI_Handler
                0x08008f8c        0x8 ./Core/Src/stm32f4xx_it.o
                0x08008f8c                NMI_Handler
 .text.HardFault_Handler
                0x08008f94        0x8 ./Core/Src/stm32f4xx_it.o
                0x08008f94                HardFault_Handler
 .text.MemManage_Handler
                0x08008f9c        0x8 ./Core/Src/stm32f4xx_it.o
                0x08008f9c                MemManage_Handler
 .text.BusFault_Handler
                0x08008fa4        0x8 ./Core/Src/stm32f4xx_it.o
                0x08008fa4                BusFault_Handler
 .text.UsageFault_Handler
                0x08008fac        0x8 ./Core/Src/stm32f4xx_it.o
                0x08008fac                UsageFault_Handler
 .text.SVC_Handler
                0x08008fb4        0xe ./Core/Src/stm32f4xx_it.o
                0x08008fb4                SVC_Handler
 .text.DebugMon_Handler
                0x08008fc2        0xe ./Core/Src/stm32f4xx_it.o
                0x08008fc2                DebugMon_Handler
 .text.PendSV_Handler
                0x08008fd0        0xe ./Core/Src/stm32f4xx_it.o
                0x08008fd0                PendSV_Handler
 .text.SysTick_Handler
                0x08008fde        0xc ./Core/Src/stm32f4xx_it.o
                0x08008fde                SysTick_Handler
 .text.RCC_IRQHandler
                0x08008fea        0xe ./Core/Src/stm32f4xx_it.o
                0x08008fea                RCC_IRQHandler
 .text.EXTI2_IRQHandler
                0x08008ff8        0xe ./Core/Src/stm32f4xx_it.o
                0x08008ff8                EXTI2_IRQHandler
 *fill*         0x08009006        0x2 
 .text.ADC_IRQHandler
                0x08009008       0x14 ./Core/Src/stm32f4xx_it.o
                0x08009008                ADC_IRQHandler
 .text.EXTI9_5_IRQHandler
                0x0800901c       0x1e ./Core/Src/stm32f4xx_it.o
                0x0800901c                EXTI9_5_IRQHandler
 *fill*         0x0800903a        0x2 
 .text.TIM1_UP_TIM10_IRQHandler
                0x0800903c       0x14 ./Core/Src/stm32f4xx_it.o
                0x0800903c                TIM1_UP_TIM10_IRQHandler
 .text.USART1_IRQHandler
                0x08009050       0x14 ./Core/Src/stm32f4xx_it.o
                0x08009050                USART1_IRQHandler
 .text.EXTI15_10_IRQHandler
                0x08009064       0x30 ./Core/Src/stm32f4xx_it.o
                0x08009064                EXTI15_10_IRQHandler
 .text._getpid  0x08009094       0x10 ./Core/Src/syscalls.o
                0x08009094                _getpid
 .text._kill    0x080090a4       0x20 ./Core/Src/syscalls.o
                0x080090a4                _kill
 .text._exit    0x080090c4       0x16 ./Core/Src/syscalls.o
                0x080090c4                _exit
 .text._read    0x080090da       0x3a ./Core/Src/syscalls.o
                0x080090da                _read
 .text._write   0x08009114       0x38 ./Core/Src/syscalls.o
                0x08009114                _write
 .text._close   0x0800914c       0x18 ./Core/Src/syscalls.o
                0x0800914c                _close
 .text._fstat   0x08009164       0x20 ./Core/Src/syscalls.o
                0x08009164                _fstat
 .text._isatty  0x08009184       0x16 ./Core/Src/syscalls.o
                0x08009184                _isatty
 .text._lseek   0x0800919a       0x1a ./Core/Src/syscalls.o
                0x0800919a                _lseek
 .text._sbrk    0x080091b4       0x6c ./Core/Src/sysmem.o
                0x080091b4                _sbrk
 .text.SystemInit
                0x08009220       0x24 ./Core/Src/system_stm32f4xx.o
                0x08009220                SystemInit
 .text.Reset_Handler
                0x08009244       0x50 ./Core/Startup/startup_stm32f407vetx.o
                0x08009244                Reset_Handler
 .text.Default_Handler
                0x08009294        0x2 ./Core/Startup/startup_stm32f407vetx.o
                0x08009294                RTC_Alarm_IRQHandler
                0x08009294                HASH_RNG_IRQHandler
                0x08009294                TIM8_CC_IRQHandler
                0x08009294                TIM1_CC_IRQHandler
                0x08009294                DMA2_Stream5_IRQHandler
                0x08009294                DMA1_Stream5_IRQHandler
                0x08009294                PVD_IRQHandler
                0x08009294                SDIO_IRQHandler
                0x08009294                TAMP_STAMP_IRQHandler
                0x08009294                CAN2_RX1_IRQHandler
                0x08009294                EXTI3_IRQHandler
                0x08009294                TIM8_TRG_COM_TIM14_IRQHandler
                0x08009294                TIM8_UP_TIM13_IRQHandler
                0x08009294                I2C3_ER_IRQHandler
                0x08009294                EXTI0_IRQHandler
                0x08009294                I2C2_EV_IRQHandler
                0x08009294                DMA1_Stream2_IRQHandler
                0x08009294                CAN1_RX0_IRQHandler
                0x08009294                FPU_IRQHandler
                0x08009294                OTG_HS_WKUP_IRQHandler
                0x08009294                CAN2_SCE_IRQHandler
                0x08009294                DMA2_Stream2_IRQHandler
                0x08009294                SPI1_IRQHandler
                0x08009294                TIM6_DAC_IRQHandler
                0x08009294                TIM1_BRK_TIM9_IRQHandler
                0x08009294                DCMI_IRQHandler
                0x08009294                CAN2_RX0_IRQHandler
                0x08009294                DMA2_Stream3_IRQHandler
                0x08009294                USART6_IRQHandler
                0x08009294                USART3_IRQHandler
                0x08009294                CAN1_RX1_IRQHandler
                0x08009294                UART5_IRQHandler
                0x08009294                DMA2_Stream0_IRQHandler
                0x08009294                TIM4_IRQHandler
                0x08009294                I2C1_EV_IRQHandler
                0x08009294                DMA1_Stream6_IRQHandler
                0x08009294                DMA1_Stream1_IRQHandler
                0x08009294                UART4_IRQHandler
                0x08009294                TIM3_IRQHandler
                0x08009294                TIM8_BRK_TIM12_IRQHandler
                0x08009294                Default_Handler
                0x08009294                DMA1_Stream7_IRQHandler
                0x08009294                TIM7_IRQHandler
                0x08009294                CAN2_TX_IRQHandler
                0x08009294                TIM5_IRQHandler
                0x08009294                DMA2_Stream7_IRQHandler
                0x08009294                I2C3_EV_IRQHandler
                0x08009294                RTC_WKUP_IRQHandler
                0x08009294                ETH_WKUP_IRQHandler
                0x08009294                SPI2_IRQHandler
                0x08009294                OTG_HS_EP1_IN_IRQHandler
                0x08009294                DMA1_Stream0_IRQHandler
                0x08009294                CAN1_TX_IRQHandler
                0x08009294                EXTI4_IRQHandler
                0x08009294                FSMC_IRQHandler
                0x08009294                ETH_IRQHandler
                0x08009294                OTG_HS_EP1_OUT_IRQHandler
                0x08009294                WWDG_IRQHandler
                0x08009294                TIM2_IRQHandler
                0x08009294                OTG_FS_WKUP_IRQHandler
                0x08009294                TIM1_TRG_COM_TIM11_IRQHandler
                0x08009294                OTG_HS_IRQHandler
                0x08009294                EXTI1_IRQHandler
                0x08009294                USART2_IRQHandler
                0x08009294                I2C2_ER_IRQHandler
                0x08009294                DMA2_Stream1_IRQHandler
                0x08009294                CAN1_SCE_IRQHandler
                0x08009294                FLASH_IRQHandler
                0x08009294                DMA2_Stream4_IRQHandler
                0x08009294                OTG_FS_IRQHandler
                0x08009294                SPI3_IRQHandler
                0x08009294                DMA1_Stream4_IRQHandler
                0x08009294                I2C1_ER_IRQHandler
                0x08009294                DMA2_Stream6_IRQHandler
                0x08009294                DMA1_Stream3_IRQHandler
 *fill*         0x08009296        0x2 
 .text.HAL_Init
                0x08009298       0x44 ./Drivers/STM32F4xx_HAL_Driver/Src/stm32f4xx_hal.o
                0x08009298                HAL_Init
 .text.HAL_InitTick
                0x080092dc       0x60 ./Drivers/STM32F4xx_HAL_Driver/Src/stm32f4xx_hal.o
                0x080092dc                HAL_InitTick
 .text.HAL_IncTick
                0x0800933c       0x28 ./Drivers/STM32F4xx_HAL_Driver/Src/stm32f4xx_hal.o
                0x0800933c                HAL_IncTick
 .text.HAL_GetTick
                0x08009364       0x18 ./Drivers/STM32F4xx_HAL_Driver/Src/stm32f4xx_hal.o
                0x08009364                HAL_GetTick
 .text.HAL_Delay
                0x0800937c       0x48 ./Drivers/STM32F4xx_HAL_Driver/Src/stm32f4xx_hal.o
                0x0800937c                HAL_Delay
 .text.HAL_ADC_Init
                0x080093c4       0x86 ./Drivers/STM32F4xx_HAL_Driver/Src/stm32f4xx_hal_adc.o
                0x080093c4                HAL_ADC_Init
 *fill*         0x0800944a        0x2 
 .text.HAL_ADC_Start_IT
                0x0800944c      0x1bc ./Drivers/STM32F4xx_HAL_Driver/Src/stm32f4xx_hal_adc.o
                0x0800944c                HAL_ADC_Start_IT
 .text.HAL_ADC_IRQHandler
                0x08009608      0x220 ./Drivers/STM32F4xx_HAL_Driver/Src/stm32f4xx_hal_adc.o
                0x08009608                HAL_ADC_IRQHandler
 .text.HAL_ADC_GetValue
                0x08009828       0x1a ./Drivers/STM32F4xx_HAL_Driver/Src/stm32f4xx_hal_adc.o
                0x08009828                HAL_ADC_GetValue
 .text.HAL_ADC_LevelOutOfWindowCallback
                0x08009842       0x14 ./Drivers/STM32F4xx_HAL_Driver/Src/stm32f4xx_hal_adc.o
                0x08009842                HAL_ADC_LevelOutOfWindowCallback
 .text.HAL_ADC_ErrorCallback
                0x08009856       0x14 ./Drivers/STM32F4xx_HAL_Driver/Src/stm32f4xx_hal_adc.o
                0x08009856                HAL_ADC_ErrorCallback
 *fill*         0x0800986a        0x2 
 .text.HAL_ADC_ConfigChannel
                0x0800986c      0x244 ./Drivers/STM32F4xx_HAL_Driver/Src/stm32f4xx_hal_adc.o
                0x0800986c                HAL_ADC_ConfigChannel
 .text.ADC_Init
                0x08009ab0      0x1f8 ./Drivers/STM32F4xx_HAL_Driver/Src/stm32f4xx_hal_adc.o
 .text.HAL_ADCEx_InjectedConvCpltCallback
                0x08009ca8       0x14 ./Drivers/STM32F4xx_HAL_Driver/Src/stm32f4xx_hal_adc_ex.o
                0x08009ca8                HAL_ADCEx_InjectedConvCpltCallback
 .text.__NVIC_SetPriorityGrouping
                0x08009cbc       0x48 ./Drivers/STM32F4xx_HAL_Driver/Src/stm32f4xx_hal_cortex.o
 .text.__NVIC_GetPriorityGrouping
                0x08009d04       0x1c ./Drivers/STM32F4xx_HAL_Driver/Src/stm32f4xx_hal_cortex.o
 .text.__NVIC_EnableIRQ
                0x08009d20       0x3c ./Drivers/STM32F4xx_HAL_Driver/Src/stm32f4xx_hal_cortex.o
 .text.__NVIC_SetPriority
                0x08009d5c       0x54 ./Drivers/STM32F4xx_HAL_Driver/Src/stm32f4xx_hal_cortex.o
 .text.NVIC_EncodePriority
                0x08009db0       0x66 ./Drivers/STM32F4xx_HAL_Driver/Src/stm32f4xx_hal_cortex.o
 *fill*         0x08009e16        0x2 
 .text.SysTick_Config
                0x08009e18       0x44 ./Drivers/STM32F4xx_HAL_Driver/Src/stm32f4xx_hal_cortex.o
 .text.HAL_NVIC_SetPriorityGrouping
                0x08009e5c       0x16 ./Drivers/STM32F4xx_HAL_Driver/Src/stm32f4xx_hal_cortex.o
                0x08009e5c                HAL_NVIC_SetPriorityGrouping
 .text.HAL_NVIC_SetPriority
                0x08009e72       0x38 ./Drivers/STM32F4xx_HAL_Driver/Src/stm32f4xx_hal_cortex.o
                0x08009e72                HAL_NVIC_SetPriority
 .text.HAL_NVIC_EnableIRQ
                0x08009eaa       0x1c ./Drivers/STM32F4xx_HAL_Driver/Src/stm32f4xx_hal_cortex.o
                0x08009eaa                HAL_NVIC_EnableIRQ
 .text.HAL_SYSTICK_Config
                0x08009ec6       0x18 ./Drivers/STM32F4xx_HAL_Driver/Src/stm32f4xx_hal_cortex.o
                0x08009ec6                HAL_SYSTICK_Config
 .text.HAL_DMA_Abort
                0x08009ede       0xe0 ./Drivers/STM32F4xx_HAL_Driver/Src/stm32f4xx_hal_dma.o
                0x08009ede                HAL_DMA_Abort
 .text.HAL_DMA_Abort_IT
                0x08009fbe       0x44 ./Drivers/STM32F4xx_HAL_Driver/Src/stm32f4xx_hal_dma.o
                0x08009fbe                HAL_DMA_Abort_IT
 *fill*         0x0800a002        0x2 
 .text.HAL_GPIO_Init
                0x0800a004      0x338 ./Drivers/STM32F4xx_HAL_Driver/Src/stm32f4xx_hal_gpio.o
                0x0800a004                HAL_GPIO_Init
 .text.HAL_GPIO_WritePin
                0x0800a33c       0x32 ./Drivers/STM32F4xx_HAL_Driver/Src/stm32f4xx_hal_gpio.o
                0x0800a33c                HAL_GPIO_WritePin
 .text.HAL_GPIO_TogglePin
                0x0800a36e       0x34 ./Drivers/STM32F4xx_HAL_Driver/Src/stm32f4xx_hal_gpio.o
                0x0800a36e                HAL_GPIO_TogglePin
 *fill*         0x0800a3a2        0x2 
 .text.HAL_GPIO_EXTI_IRQHandler
                0x0800a3a4       0x30 ./Drivers/STM32F4xx_HAL_Driver/Src/stm32f4xx_hal_gpio.o
                0x0800a3a4                HAL_GPIO_EXTI_IRQHandler
 .text.HAL_I2C_Init
                0x0800a3d4      0x288 ./Drivers/STM32F4xx_HAL_Driver/Src/stm32f4xx_hal_i2c.o
                0x0800a3d4                HAL_I2C_Init
 .text.HAL_I2C_Master_Transmit
                0x0800a65c      0x1fc ./Drivers/STM32F4xx_HAL_Driver/Src/stm32f4xx_hal_i2c.o
                0x0800a65c                HAL_I2C_Master_Transmit
 .text.HAL_I2C_Master_Receive
                0x0800a858      0x464 ./Drivers/STM32F4xx_HAL_Driver/Src/stm32f4xx_hal_i2c.o
                0x0800a858                HAL_I2C_Master_Receive
 .text.HAL_I2C_Mem_Write
                0x0800acbc      0x1f4 ./Drivers/STM32F4xx_HAL_Driver/Src/stm32f4xx_hal_i2c.o
                0x0800acbc                HAL_I2C_Mem_Write
 .text.HAL_I2C_Mem_Read
                0x0800aeb0      0x464 ./Drivers/STM32F4xx_HAL_Driver/Src/stm32f4xx_hal_i2c.o
                0x0800aeb0                HAL_I2C_Mem_Read
 .text.HAL_I2C_IsDeviceReady
                0x0800b314      0x25c ./Drivers/STM32F4xx_HAL_Driver/Src/stm32f4xx_hal_i2c.o
                0x0800b314                HAL_I2C_IsDeviceReady
 .text.I2C_MasterRequestWrite
                0x0800b570      0x104 ./Drivers/STM32F4xx_HAL_Driver/Src/stm32f4xx_hal_i2c.o
 .text.I2C_MasterRequestRead
                0x0800b674      0x19c ./Drivers/STM32F4xx_HAL_Driver/Src/stm32f4xx_hal_i2c.o
 .text.I2C_RequestMemoryWrite
                0x0800b810      0x12c ./Drivers/STM32F4xx_HAL_Driver/Src/stm32f4xx_hal_i2c.o
 .text.I2C_RequestMemoryRead
                0x0800b93c      0x1d0 ./Drivers/STM32F4xx_HAL_Driver/Src/stm32f4xx_hal_i2c.o
 .text.I2C_WaitOnFlagUntilTimeout
                0x0800bb0c       0xf4 ./Drivers/STM32F4xx_HAL_Driver/Src/stm32f4xx_hal_i2c.o
 .text.I2C_WaitOnMasterAddressFlagUntilTimeout
                0x0800bc00      0x140 ./Drivers/STM32F4xx_HAL_Driver/Src/stm32f4xx_hal_i2c.o
 .text.I2C_WaitOnTXEFlagUntilTimeout
                0x0800bd40       0x90 ./Drivers/STM32F4xx_HAL_Driver/Src/stm32f4xx_hal_i2c.o
 .text.I2C_WaitOnBTFFlagUntilTimeout
                0x0800bdd0       0x90 ./Drivers/STM32F4xx_HAL_Driver/Src/stm32f4xx_hal_i2c.o
 .text.I2C_WaitOnRXNEFlagUntilTimeout
                0x0800be60       0xba ./Drivers/STM32F4xx_HAL_Driver/Src/stm32f4xx_hal_i2c.o
 .text.I2C_IsAcknowledgeFailed
                0x0800bf1a       0x5e ./Drivers/STM32F4xx_HAL_Driver/Src/stm32f4xx_hal_i2c.o
 .text.HAL_RCC_OscConfig
                0x0800bf78      0x4f0 ./Drivers/STM32F4xx_HAL_Driver/Src/stm32f4xx_hal_rcc.o
                0x0800bf78                HAL_RCC_OscConfig
 .text.HAL_RCC_ClockConfig
                0x0800c468      0x1cc ./Drivers/STM32F4xx_HAL_Driver/Src/stm32f4xx_hal_rcc.o
                0x0800c468                HAL_RCC_ClockConfig
 .text.HAL_RCC_GetSysClockFreq
                0x0800c634      0x20c ./Drivers/STM32F4xx_HAL_Driver/Src/stm32f4xx_hal_rcc.o
                0x0800c634                HAL_RCC_GetSysClockFreq
 .text.HAL_RCC_GetHCLKFreq
                0x0800c840       0x18 ./Drivers/STM32F4xx_HAL_Driver/Src/stm32f4xx_hal_rcc.o
                0x0800c840                HAL_RCC_GetHCLKFreq
 .text.HAL_RCC_GetPCLK1Freq
                0x0800c858       0x28 ./Drivers/STM32F4xx_HAL_Driver/Src/stm32f4xx_hal_rcc.o
                0x0800c858                HAL_RCC_GetPCLK1Freq
 .text.HAL_RCC_GetPCLK2Freq
                0x0800c880       0x28 ./Drivers/STM32F4xx_HAL_Driver/Src/stm32f4xx_hal_rcc.o
                0x0800c880                HAL_RCC_GetPCLK2Freq
 .text.HAL_SPI_Init
                0x0800c8a8      0x112 ./Drivers/STM32F4xx_HAL_Driver/Src/stm32f4xx_hal_spi.o
                0x0800c8a8                HAL_SPI_Init
 .text.HAL_SPI_Transmit
                0x0800c9ba      0x288 ./Drivers/STM32F4xx_HAL_Driver/Src/stm32f4xx_hal_spi.o
                0x0800c9ba                HAL_SPI_Transmit
 .text.HAL_SPI_Receive
                0x0800cc42      0x232 ./Drivers/STM32F4xx_HAL_Driver/Src/stm32f4xx_hal_spi.o
                0x0800cc42                HAL_SPI_Receive
 .text.HAL_SPI_TransmitReceive
                0x0800ce74      0x352 ./Drivers/STM32F4xx_HAL_Driver/Src/stm32f4xx_hal_spi.o
                0x0800ce74                HAL_SPI_TransmitReceive
 .text.HAL_SPI_GetState
                0x0800d1c6       0x1c ./Drivers/STM32F4xx_HAL_Driver/Src/stm32f4xx_hal_spi.o
                0x0800d1c6                HAL_SPI_GetState
 *fill*         0x0800d1e2        0x2 
 .text.SPI_WaitFlagStateUntilTimeout
                0x0800d1e4      0x110 ./Drivers/STM32F4xx_HAL_Driver/Src/stm32f4xx_hal_spi.o
 .text.SPI_EndRxTransaction
                0x0800d2f4       0xca ./Drivers/STM32F4xx_HAL_Driver/Src/stm32f4xx_hal_spi.o
 *fill*         0x0800d3be        0x2 
 .text.SPI_EndRxTxTransaction
                0x0800d3c0       0xa8 ./Drivers/STM32F4xx_HAL_Driver/Src/stm32f4xx_hal_spi.o
 .text.HAL_TIM_Base_Init
                0x0800d468       0x9e ./Drivers/STM32F4xx_HAL_Driver/Src/stm32f4xx_hal_tim.o
                0x0800d468                HAL_TIM_Base_Init
 *fill*         0x0800d506        0x2 
 .text.HAL_TIM_Base_Start_IT
                0x0800d508       0xe0 ./Drivers/STM32F4xx_HAL_Driver/Src/stm32f4xx_hal_tim.o
                0x0800d508                HAL_TIM_Base_Start_IT
 .text.HAL_TIM_Base_Stop_IT
                0x0800d5e8       0x5e ./Drivers/STM32F4xx_HAL_Driver/Src/stm32f4xx_hal_tim.o
                0x0800d5e8                HAL_TIM_Base_Stop_IT
 .text.HAL_TIM_IRQHandler
                0x0800d646      0x1e0 ./Drivers/STM32F4xx_HAL_Driver/Src/stm32f4xx_hal_tim.o
                0x0800d646                HAL_TIM_IRQHandler
 .text.HAL_TIM_ConfigClockSource
                0x0800d826      0x18e ./Drivers/STM32F4xx_HAL_Driver/Src/stm32f4xx_hal_tim.o
                0x0800d826                HAL_TIM_ConfigClockSource
 .text.HAL_TIM_OC_DelayElapsedCallback
                0x0800d9b4       0x14 ./Drivers/STM32F4xx_HAL_Driver/Src/stm32f4xx_hal_tim.o
                0x0800d9b4                HAL_TIM_OC_DelayElapsedCallback
 .text.HAL_TIM_IC_CaptureCallback
                0x0800d9c8       0x14 ./Drivers/STM32F4xx_HAL_Driver/Src/stm32f4xx_hal_tim.o
                0x0800d9c8                HAL_TIM_IC_CaptureCallback
 .text.HAL_TIM_PWM_PulseFinishedCallback
                0x0800d9dc       0x14 ./Drivers/STM32F4xx_HAL_Driver/Src/stm32f4xx_hal_tim.o
                0x0800d9dc                HAL_TIM_PWM_PulseFinishedCallback
 .text.HAL_TIM_TriggerCallback
                0x0800d9f0       0x14 ./Drivers/STM32F4xx_HAL_Driver/Src/stm32f4xx_hal_tim.o
                0x0800d9f0                HAL_TIM_TriggerCallback
 .text.TIM_Base_SetConfig
                0x0800da04      0x14c ./Drivers/STM32F4xx_HAL_Driver/Src/stm32f4xx_hal_tim.o
                0x0800da04                TIM_Base_SetConfig
 .text.TIM_TI1_ConfigInputStage
                0x0800db50       0x5e ./Drivers/STM32F4xx_HAL_Driver/Src/stm32f4xx_hal_tim.o
 .text.TIM_TI2_ConfigInputStage
                0x0800dbae       0x60 ./Drivers/STM32F4xx_HAL_Driver/Src/stm32f4xx_hal_tim.o
 .text.TIM_ITRx_SetConfig
                0x0800dc0e       0x36 ./Drivers/STM32F4xx_HAL_Driver/Src/stm32f4xx_hal_tim.o
 .text.TIM_ETR_SetConfig
                0x0800dc44       0x40 ./Drivers/STM32F4xx_HAL_Driver/Src/stm32f4xx_hal_tim.o
                0x0800dc44                TIM_ETR_SetConfig
 .text.HAL_TIMEx_MasterConfigSynchronization
                0x0800dc84       0xf8 ./Drivers/STM32F4xx_HAL_Driver/Src/stm32f4xx_hal_tim_ex.o
                0x0800dc84                HAL_TIMEx_MasterConfigSynchronization
 .text.HAL_TIMEx_CommutCallback
                0x0800dd7c       0x14 ./Drivers/STM32F4xx_HAL_Driver/Src/stm32f4xx_hal_tim_ex.o
                0x0800dd7c                HAL_TIMEx_CommutCallback
 .text.HAL_TIMEx_BreakCallback
                0x0800dd90       0x14 ./Drivers/STM32F4xx_HAL_Driver/Src/stm32f4xx_hal_tim_ex.o
                0x0800dd90                HAL_TIMEx_BreakCallback
 .text.HAL_UART_Init
                0x0800dda4       0xa0 ./Drivers/STM32F4xx_HAL_Driver/Src/stm32f4xx_hal_uart.o
                0x0800dda4                HAL_UART_Init
 .text.HAL_UART_Transmit
                0x0800de44      0x116 ./Drivers/STM32F4xx_HAL_Driver/Src/stm32f4xx_hal_uart.o
                0x0800de44                HAL_UART_Transmit
 .text.HAL_UART_Receive_IT
                0x0800df5a       0x4a ./Drivers/STM32F4xx_HAL_Driver/Src/stm32f4xx_hal_uart.o
                0x0800df5a                HAL_UART_Receive_IT
 .text.HAL_UART_IRQHandler
                0x0800dfa4      0x554 ./Drivers/STM32F4xx_HAL_Driver/Src/stm32f4xx_hal_uart.o
                0x0800dfa4                HAL_UART_IRQHandler
 .text.HAL_UART_TxCpltCallback
                0x0800e4f8       0x14 ./Drivers/STM32F4xx_HAL_Driver/Src/stm32f4xx_hal_uart.o
                0x0800e4f8                HAL_UART_TxCpltCallback
 .text.HAL_UART_ErrorCallback
                0x0800e50c       0x14 ./Drivers/STM32F4xx_HAL_Driver/Src/stm32f4xx_hal_uart.o
                0x0800e50c                HAL_UART_ErrorCallback
 .text.HAL_UARTEx_RxEventCallback
                0x0800e520       0x18 ./Drivers/STM32F4xx_HAL_Driver/Src/stm32f4xx_hal_uart.o
                0x0800e520                HAL_UARTEx_RxEventCallback
 .text.UART_WaitOnFlagUntilTimeout
                0x0800e538       0xb2 ./Drivers/STM32F4xx_HAL_Driver/Src/stm32f4xx_hal_uart.o
 .text.UART_Start_Receive_IT
                0x0800e5ea       0x74 ./Drivers/STM32F4xx_HAL_Driver/Src/stm32f4xx_hal_uart.o
                0x0800e5ea                UART_Start_Receive_IT
 .text.UART_EndRxTransfer
                0x0800e65e       0xc6 ./Drivers/STM32F4xx_HAL_Driver/Src/stm32f4xx_hal_uart.o
 .text.UART_DMAAbortOnError
                0x0800e724       0x22 ./Drivers/STM32F4xx_HAL_Driver/Src/stm32f4xx_hal_uart.o
 .text.UART_Transmit_IT
                0x0800e746       0xa0 ./Drivers/STM32F4xx_HAL_Driver/Src/stm32f4xx_hal_uart.o
 .text.UART_EndTransmit_IT
                0x0800e7e6       0x30 ./Drivers/STM32F4xx_HAL_Driver/Src/stm32f4xx_hal_uart.o
 .text.UART_Receive_IT
                0x0800e816      0x17c ./Drivers/STM32F4xx_HAL_Driver/Src/stm32f4xx_hal_uart.o
 *fill*         0x0800e992        0x2 
 .text.UART_SetConfig
                0x0800e994      0x4e8 ./Drivers/STM32F4xx_HAL_Driver/Src/stm32f4xx_hal_uart.o
 .text.atof     0x0800ee7c        0x6 C:/ST/STM32CubeIDE_2.1.1/STM32CubeIDE/plugins/com.st.stm32cube.ide.mcu.externaltools.gnu-tools-for-stm32.14.3.rel1.win32_1.0.100.202602081740/tools/bin/../lib/gcc/arm-none-eabi/14.3.1/../../../../arm-none-eabi/lib/thumb/v7e-m+fp/hard\libc_nano.a(libc_a-atof.o)
                0x0800ee7c                atof
 .text.sulp     0x0800ee82       0x3c C:/ST/STM32CubeIDE_2.1.1/STM32CubeIDE/plugins/com.st.stm32cube.ide.mcu.externaltools.gnu-tools-for-stm32.14.3.rel1.win32_1.0.100.202602081740/tools/bin/../lib/gcc/arm-none-eabi/14.3.1/../../../../arm-none-eabi/lib/thumb/v7e-m+fp/hard\libc_nano.a(libc_a-strtod.o)
 *fill*         0x0800eebe        0x2 
 .text._strtod_l
                0x0800eec0      0xbb8 C:/ST/STM32CubeIDE_2.1.1/STM32CubeIDE/plugins/com.st.stm32cube.ide.mcu.externaltools.gnu-tools-for-stm32.14.3.rel1.win32_1.0.100.202602081740/tools/bin/../lib/gcc/arm-none-eabi/14.3.1/../../../../arm-none-eabi/lib/thumb/v7e-m+fp/hard\libc_nano.a(libc_a-strtod.o)
                0x0800eec0                _strtod_l
 .text._strtod_r
                0x0800fa78        0xc C:/ST/STM32CubeIDE_2.1.1/STM32CubeIDE/plugins/com.st.stm32cube.ide.mcu.externaltools.gnu-tools-for-stm32.14.3.rel1.win32_1.0.100.202602081740/tools/bin/../lib/gcc/arm-none-eabi/14.3.1/../../../../arm-none-eabi/lib/thumb/v7e-m+fp/hard\libc_nano.a(libc_a-strtod.o)
                0x0800fa78                _strtod_r
 .text.strtod   0x0800fa84       0x18 C:/ST/STM32CubeIDE_2.1.1/STM32CubeIDE/plugins/com.st.stm32cube.ide.mcu.externaltools.gnu-tools-for-stm32.14.3.rel1.win32_1.0.100.202602081740/tools/bin/../lib/gcc/arm-none-eabi/14.3.1/../../../../arm-none-eabi/lib/thumb/v7e-m+fp/hard\libc_nano.a(libc_a-strtod.o)
                0x0800fa84                strtod
 .text.__cvt    0x0800fa9c       0xca C:/ST/STM32CubeIDE_2.1.1/STM32CubeIDE/plugins/com.st.stm32cube.ide.mcu.externaltools.gnu-tools-for-stm32.14.3.rel1.win32_1.0.100.202602081740/tools/bin/../lib/gcc/arm-none-eabi/14.3.1/../../../../arm-none-eabi/lib/thumb/v7e-m+fp/hard\libc_nano.a(libc_a-nano-vfprintf_float.o)
                0x0800fa9c                __cvt
 .text.__exponent
                0x0800fb66       0x74 C:/ST/STM32CubeIDE_2.1.1/STM32CubeIDE/plugins/com.st.stm32cube.ide.mcu.externaltools.gnu-tools-for-stm32.14.3.rel1.win32_1.0.100.202602081740/tools/bin/../lib/gcc/arm-none-eabi/14.3.1/../../../../arm-none-eabi/lib/thumb/v7e-m+fp/hard\libc_nano.a(libc_a-nano-vfprintf_float.o)
                0x0800fb66                __exponent
 *fill*         0x0800fbda        0x2 
 .text._printf_float
                0x0800fbdc      0x450 C:/ST/STM32CubeIDE_2.1.1/STM32CubeIDE/plugins/com.st.stm32cube.ide.mcu.externaltools.gnu-tools-for-stm32.14.3.rel1.win32_1.0.100.202602081740/tools/bin/../lib/gcc/arm-none-eabi/14.3.1/../../../../arm-none-eabi/lib/thumb/v7e-m+fp/hard\libc_nano.a(libc_a-nano-vfprintf_float.o)
                0x0800fbdc                _printf_float
 .text._printf_common
                0x0801002c       0xda C:/ST/STM32CubeIDE_2.1.1/STM32CubeIDE/plugins/com.st.stm32cube.ide.mcu.externaltools.gnu-tools-for-stm32.14.3.rel1.win32_1.0.100.202602081740/tools/bin/../lib/gcc/arm-none-eabi/14.3.1/../../../../arm-none-eabi/lib/thumb/v7e-m+fp/hard\libc_nano.a(libc_a-nano-vfprintf_i.o)
                0x0801002c                _printf_common
 *fill*         0x08010106        0x2 
 .text._printf_i
                0x08010108      0x24c C:/ST/STM32CubeIDE_2.1.1/STM32CubeIDE/plugins/com.st.stm32cube.ide.mcu.externaltools.gnu-tools-for-stm32.14.3.rel1.win32_1.0.100.202602081740/tools/bin/../lib/gcc/arm-none-eabi/14.3.1/../../../../arm-none-eabi/lib/thumb/v7e-m+fp/hard\libc_nano.a(libc_a-nano-vfprintf_i.o)
                0x08010108                _printf_i
 .text._scanf_float
                0x08010354      0x418 C:/ST/STM32CubeIDE_2.1.1/STM32CubeIDE/plugins/com.st.stm32cube.ide.mcu.externaltools.gnu-tools-for-stm32.14.3.rel1.win32_1.0.100.202602081740/tools/bin/../lib/gcc/arm-none-eabi/14.3.1/../../../../arm-none-eabi/lib/thumb/v7e-m+fp/hard\libc_nano.a(libc_a-nano-vfscanf_float.o)
                0x08010354                _scanf_float
 .text.std      0x0801076c       0x6c C:/ST/STM32CubeIDE_2.1.1/STM32CubeIDE/plugins/com.st.stm32cube.ide.mcu.externaltools.gnu-tools-for-stm32.14.3.rel1.win32_1.0.100.202602081740/tools/bin/../lib/gcc/arm-none-eabi/14.3.1/../../../../arm-none-eabi/lib/thumb/v7e-m+fp/hard\libc_nano.a(libc_a-findfp.o)
 .text.stdio_exit_handler
                0x080107d8       0x18 C:/ST/STM32CubeIDE_2.1.1/STM32CubeIDE/plugins/com.st.stm32cube.ide.mcu.externaltools.gnu-tools-for-stm32.14.3.rel1.win32_1.0.100.202602081740/tools/bin/../lib/gcc/arm-none-eabi/14.3.1/../../../../arm-none-eabi/lib/thumb/v7e-m+fp/hard\libc_nano.a(libc_a-findfp.o)
 .text.cleanup_stdio
                0x080107f0       0x40 C:/ST/STM32CubeIDE_2.1.1/STM32CubeIDE/plugins/com.st.stm32cube.ide.mcu.externaltools.gnu-tools-for-stm32.14.3.rel1.win32_1.0.100.202602081740/tools/bin/../lib/gcc/arm-none-eabi/14.3.1/../../../../arm-none-eabi/lib/thumb/v7e-m+fp/hard\libc_nano.a(libc_a-findfp.o)
 .text.global_stdio_init.part.0
                0x08010830       0x40 C:/ST/STM32CubeIDE_2.1.1/STM32CubeIDE/plugins/com.st.stm32cube.ide.mcu.externaltools.gnu-tools-for-stm32.14.3.rel1.win32_1.0.100.202602081740/tools/bin/../lib/gcc/arm-none-eabi/14.3.1/../../../../arm-none-eabi/lib/thumb/v7e-m+fp/hard\libc_nano.a(libc_a-findfp.o)
 .text.__sfp_lock_acquire
                0x08010870        0xc C:/ST/STM32CubeIDE_2.1.1/STM32CubeIDE/plugins/com.st.stm32cube.ide.mcu.externaltools.gnu-tools-for-stm32.14.3.rel1.win32_1.0.100.202602081740/tools/bin/../lib/gcc/arm-none-eabi/14.3.1/../../../../arm-none-eabi/lib/thumb/v7e-m+fp/hard\libc_nano.a(libc_a-findfp.o)
                0x08010870                __sfp_lock_acquire
 .text.__sfp_lock_release
                0x0801087c        0xc C:/ST/STM32CubeIDE_2.1.1/STM32CubeIDE/plugins/com.st.stm32cube.ide.mcu.externaltools.gnu-tools-for-stm32.14.3.rel1.win32_1.0.100.202602081740/tools/bin/../lib/gcc/arm-none-eabi/14.3.1/../../../../arm-none-eabi/lib/thumb/v7e-m+fp/hard\libc_nano.a(libc_a-findfp.o)
                0x0801087c                __sfp_lock_release
 .text.__sinit  0x08010888       0x30 C:/ST/STM32CubeIDE_2.1.1/STM32CubeIDE/plugins/com.st.stm32cube.ide.mcu.externaltools.gnu-tools-for-stm32.14.3.rel1.win32_1.0.100.202602081740/tools/bin/../lib/gcc/arm-none-eabi/14.3.1/../../../../arm-none-eabi/lib/thumb/v7e-m+fp/hard\libc_nano.a(libc_a-findfp.o)
                0x08010888                __sinit
 .text._fwalk_sglue
                0x080108b8       0x3c C:/ST/STM32CubeIDE_2.1.1/STM32CubeIDE/plugins/com.st.stm32cube.ide.mcu.externaltools.gnu-tools-for-stm32.14.3.rel1.win32_1.0.100.202602081740/tools/bin/../lib/gcc/arm-none-eabi/14.3.1/../../../../arm-none-eabi/lib/thumb/v7e-m+fp/hard\libc_nano.a(libc_a-fwalk.o)
                0x080108b8                _fwalk_sglue
 .text._puts_r  0x080108f4       0xaa C:/ST/STM32CubeIDE_2.1.1/STM32CubeIDE/plugins/com.st.stm32cube.ide.mcu.externaltools.gnu-tools-for-stm32.14.3.rel1.win32_1.0.100.202602081740/tools/bin/../lib/gcc/arm-none-eabi/14.3.1/../../../../arm-none-eabi/lib/thumb/v7e-m+fp/hard\libc_nano.a(libc_a-puts.o)
                0x080108f4                _puts_r
 *fill*         0x0801099e        0x2 
 .text.puts     0x080109a0       0x10 C:/ST/STM32CubeIDE_2.1.1/STM32CubeIDE/plugins/com.st.stm32cube.ide.mcu.externaltools.gnu-tools-for-stm32.14.3.rel1.win32_1.0.100.202602081740/tools/bin/../lib/gcc/arm-none-eabi/14.3.1/../../../../arm-none-eabi/lib/thumb/v7e-m+fp/hard\libc_nano.a(libc_a-puts.o)
                0x080109a0                puts
 .text.snprintf
                0x080109b0       0x6c C:/ST/STM32CubeIDE_2.1.1/STM32CubeIDE/plugins/com.st.stm32cube.ide.mcu.externaltools.gnu-tools-for-stm32.14.3.rel1.win32_1.0.100.202602081740/tools/bin/../lib/gcc/arm-none-eabi/14.3.1/../../../../arm-none-eabi/lib/thumb/v7e-m+fp/hard\libc_nano.a(libc_a-snprintf.o)
                0x080109b0                sniprintf
                0x080109b0                snprintf
 .text.sprintf  0x08010a1c       0x44 C:/ST/STM32CubeIDE_2.1.1/STM32CubeIDE/plugins/com.st.stm32cube.ide.mcu.externaltools.gnu-tools-for-stm32.14.3.rel1.win32_1.0.100.202602081740/tools/bin/../lib/gcc/arm-none-eabi/14.3.1/../../../../arm-none-eabi/lib/thumb/v7e-m+fp/hard\libc_nano.a(libc_a-sprintf.o)
                0x08010a1c                siprintf
                0x08010a1c                sprintf
 .text.__sread  0x08010a60       0x22 C:/ST/STM32CubeIDE_2.1.1/STM32CubeIDE/plugins/com.st.stm32cube.ide.mcu.externaltools.gnu-tools-for-stm32.14.3.rel1.win32_1.0.100.202602081740/tools/bin/../lib/gcc/arm-none-eabi/14.3.1/../../../../arm-none-eabi/lib/thumb/v7e-m+fp/hard\libc_nano.a(libc_a-stdio.o)
                0x08010a60                __sread
 .text.__swrite
                0x08010a82       0x38 C:/ST/STM32CubeIDE_2.1.1/STM32CubeIDE/plugins/com.st.stm32cube.ide.mcu.externaltools.gnu-tools-for-stm32.14.3.rel1.win32_1.0.100.202602081740/tools/bin/../lib/gcc/arm-none-eabi/14.3.1/../../../../arm-none-eabi/lib/thumb/v7e-m+fp/hard\libc_nano.a(libc_a-stdio.o)
                0x08010a82                __swrite
 .text.__sseek  0x08010aba       0x26 C:/ST/STM32CubeIDE_2.1.1/STM32CubeIDE/plugins/com.st.stm32cube.ide.mcu.externaltools.gnu-tools-for-stm32.14.3.rel1.win32_1.0.100.202602081740/tools/bin/../lib/gcc/arm-none-eabi/14.3.1/../../../../arm-none-eabi/lib/thumb/v7e-m+fp/hard\libc_nano.a(libc_a-stdio.o)
                0x08010aba                __sseek
 .text.__sclose
                0x08010ae0        0x8 C:/ST/STM32CubeIDE_2.1.1/STM32CubeIDE/plugins/com.st.stm32cube.ide.mcu.externaltools.gnu-tools-for-stm32.14.3.rel1.win32_1.0.100.202602081740/tools/bin/../lib/gcc/arm-none-eabi/14.3.1/../../../../arm-none-eabi/lib/thumb/v7e-m+fp/hard\libc_nano.a(libc_a-stdio.o)
                0x08010ae0                __sclose
 .text.__swbuf_r
                0x08010ae8       0x7c C:/ST/STM32CubeIDE_2.1.1/STM32CubeIDE/plugins/com.st.stm32cube.ide.mcu.externaltools.gnu-tools-for-stm32.14.3.rel1.win32_1.0.100.202602081740/tools/bin/../lib/gcc/arm-none-eabi/14.3.1/../../../../arm-none-eabi/lib/thumb/v7e-m+fp/hard\libc_nano.a(libc_a-wbuf.o)
                0x08010ae8                __swbuf_r
 .text.__swsetup_r
                0x08010b64       0xa8 C:/ST/STM32CubeIDE_2.1.1/STM32CubeIDE/plugins/com.st.stm32cube.ide.mcu.externaltools.gnu-tools-for-stm32.14.3.rel1.win32_1.0.100.202602081740/tools/bin/../lib/gcc/arm-none-eabi/14.3.1/../../../../arm-none-eabi/lib/thumb/v7e-m+fp/hard\libc_nano.a(libc_a-wsetup.o)
                0x08010b64                __swsetup_r
 .text.memset   0x08010c0c       0x10 C:/ST/STM32CubeIDE_2.1.1/STM32CubeIDE/plugins/com.st.stm32cube.ide.mcu.externaltools.gnu-tools-for-stm32.14.3.rel1.win32_1.0.100.202602081740/tools/bin/../lib/gcc/arm-none-eabi/14.3.1/../../../../arm-none-eabi/lib/thumb/v7e-m+fp/hard\libc_nano.a(libc_a-memset.o)
                0x08010c0c                memset
 .text.strncmp  0x08010c1c       0x24 C:/ST/STM32CubeIDE_2.1.1/STM32CubeIDE/plugins/com.st.stm32cube.ide.mcu.externaltools.gnu-tools-for-stm32.14.3.rel1.win32_1.0.100.202602081740/tools/bin/../lib/gcc/arm-none-eabi/14.3.1/../../../../arm-none-eabi/lib/thumb/v7e-m+fp/hard\libc_nano.a(libc_a-strncmp.o)
                0x08010c1c                strncmp
 .text.strtok   0x08010c40       0x7c C:/ST/STM32CubeIDE_2.1.1/STM32CubeIDE/plugins/com.st.stm32cube.ide.mcu.externaltools.gnu-tools-for-stm32.14.3.rel1.win32_1.0.100.202602081740/tools/bin/../lib/gcc/arm-none-eabi/14.3.1/../../../../arm-none-eabi/lib/thumb/v7e-m+fp/hard\libc_nano.a(libc_a-strtok.o)
                0x08010c40                strtok
 .text.__strtok_r
                0x08010cbc       0x50 C:/ST/STM32CubeIDE_2.1.1/STM32CubeIDE/plugins/com.st.stm32cube.ide.mcu.externaltools.gnu-tools-for-stm32.14.3.rel1.win32_1.0.100.202602081740/tools/bin/../lib/gcc/arm-none-eabi/14.3.1/../../../../arm-none-eabi/lib/thumb/v7e-m+fp/hard\libc_nano.a(libc_a-strtok_r.o)
                0x08010cbc                __strtok_r
 .text.strstr   0x08010d0c       0x2c C:/ST/STM32CubeIDE_2.1.1/STM32CubeIDE/plugins/com.st.stm32cube.ide.mcu.externaltools.gnu-tools-for-stm32.14.3.rel1.win32_1.0.100.202602081740/tools/bin/../lib/gcc/arm-none-eabi/14.3.1/../../../../arm-none-eabi/lib/thumb/v7e-m+fp/hard\libc_nano.a(libc_a-strstr.o)
                0x08010d0c                strstr
 .text._localeconv_r
                0x08010d38        0x8 C:/ST/STM32CubeIDE_2.1.1/STM32CubeIDE/plugins/com.st.stm32cube.ide.mcu.externaltools.gnu-tools-for-stm32.14.3.rel1.win32_1.0.100.202602081740/tools/bin/../lib/gcc/arm-none-eabi/14.3.1/../../../../arm-none-eabi/lib/thumb/v7e-m+fp/hard\libc_nano.a(libc_a-localeconv.o)
                0x08010d38                _localeconv_r
 .text._close_r
                0x08010d40       0x20 C:/ST/STM32CubeIDE_2.1.1/STM32CubeIDE/plugins/com.st.stm32cube.ide.mcu.externaltools.gnu-tools-for-stm32.14.3.rel1.win32_1.0.100.202602081740/tools/bin/../lib/gcc/arm-none-eabi/14.3.1/../../../../arm-none-eabi/lib/thumb/v7e-m+fp/hard\libc_nano.a(libc_a-closer.o)
                0x08010d40                _close_r
 .text._lseek_r
                0x08010d60       0x24 C:/ST/STM32CubeIDE_2.1.1/STM32CubeIDE/plugins/com.st.stm32cube.ide.mcu.externaltools.gnu-tools-for-stm32.14.3.rel1.win32_1.0.100.202602081740/tools/bin/../lib/gcc/arm-none-eabi/14.3.1/../../../../arm-none-eabi/lib/thumb/v7e-m+fp/hard\libc_nano.a(libc_a-lseekr.o)
                0x08010d60                _lseek_r
 .text._read_r  0x08010d84       0x24 C:/ST/STM32CubeIDE_2.1.1/STM32CubeIDE/plugins/com.st.stm32cube.ide.mcu.externaltools.gnu-tools-for-stm32.14.3.rel1.win32_1.0.100.202602081740/tools/bin/../lib/gcc/arm-none-eabi/14.3.1/../../../../arm-none-eabi/lib/thumb/v7e-m+fp/hard\libc_nano.a(libc_a-readr.o)
                0x08010d84                _read_r
 .text._write_r
                0x08010da8       0x24 C:/ST/STM32CubeIDE_2.1.1/STM32CubeIDE/plugins/com.st.stm32cube.ide.mcu.externaltools.gnu-tools-for-stm32.14.3.rel1.win32_1.0.100.202602081740/tools/bin/../lib/gcc/arm-none-eabi/14.3.1/../../../../arm-none-eabi/lib/thumb/v7e-m+fp/hard\libc_nano.a(libc_a-writer.o)
                0x08010da8                _write_r
 .text.__errno  0x08010dcc        0xc C:/ST/STM32CubeIDE_2.1.1/STM32CubeIDE/plugins/com.st.stm32cube.ide.mcu.externaltools.gnu-tools-for-stm32.14.3.rel1.win32_1.0.100.202602081740/tools/bin/../lib/gcc/arm-none-eabi/14.3.1/../../../../arm-none-eabi/lib/thumb/v7e-m+fp/hard\libc_nano.a(libc_a-errno.o)
                0x08010dcc                __errno
 .text.__libc_init_array
                0x08010dd8       0x48 C:/ST/STM32CubeIDE_2.1.1/STM32CubeIDE/plugins/com.st.stm32cube.ide.mcu.externaltools.gnu-tools-for-stm32.14.3.rel1.win32_1.0.100.202602081740/tools/bin/../lib/gcc/arm-none-eabi/14.3.1/../../../../arm-none-eabi/lib/thumb/v7e-m+fp/hard\libc_nano.a(libc_a-init.o)
                0x08010dd8                __libc_init_array
 .text.__retarget_lock_init_recursive
                0x08010e20        0x2 C:/ST/STM32CubeIDE_2.1.1/STM32CubeIDE/plugins/com.st.stm32cube.ide.mcu.externaltools.gnu-tools-for-stm32.14.3.rel1.win32_1.0.100.202602081740/tools/bin/../lib/gcc/arm-none-eabi/14.3.1/../../../../arm-none-eabi/lib/thumb/v7e-m+fp/hard\libc_nano.a(libc_a-lock.o)
                0x08010e20                __retarget_lock_init_recursive
 .text.__retarget_lock_acquire_recursive
                0x08010e22        0x2 C:/ST/STM32CubeIDE_2.1.1/STM32CubeIDE/plugins/com.st.stm32cube.ide.mcu.externaltools.gnu-tools-for-stm32.14.3.rel1.win32_1.0.100.202602081740/tools/bin/../lib/gcc/arm-none-eabi/14.3.1/../../../../arm-none-eabi/lib/thumb/v7e-m+fp/hard\libc_nano.a(libc_a-lock.o)
                0x08010e22                __retarget_lock_acquire_recursive
 .text.__retarget_lock_release_recursive
                0x08010e24        0x2 C:/ST/STM32CubeIDE_2.1.1/STM32CubeIDE/plugins/com.st.stm32cube.ide.mcu.externaltools.gnu-tools-for-stm32.14.3.rel1.win32_1.0.100.202602081740/tools/bin/../lib/gcc/arm-none-eabi/14.3.1/../../../../arm-none-eabi/lib/thumb/v7e-m+fp/hard\libc_nano.a(libc_a-lock.o)
                0x08010e24                __retarget_lock_release_recursive
 .text.memcpy   0x08010e26       0x1c C:/ST/STM32CubeIDE_2.1.1/STM32CubeIDE/plugins/com.st.stm32cube.ide.mcu.externaltools.gnu-tools-for-stm32.14.3.rel1.win32_1.0.100.202602081740/tools/bin/../lib/gcc/arm-none-eabi/14.3.1/../../../../arm-none-eabi/lib/thumb/v7e-m+fp/hard\libc_nano.a(libc_a-memcpy-stub.o)
                0x08010e26                memcpy
 *fill*         0x08010e42        0x6 
 .text.nan      0x08010e48       0x10 C:/ST/STM32CubeIDE_2.1.1/STM32CubeIDE/plugins/com.st.stm32cube.ide.mcu.externaltools.gnu-tools-for-stm32.14.3.rel1.win32_1.0.100.202602081740/tools/bin/../lib/gcc/arm-none-eabi/14.3.1/../../../../arm-none-eabi/lib/thumb/v7e-m+fp/hard\libc_nano.a(libm_a-s_nan.o)
                0x08010e48                nan
 .text.nanf     0x08010e58        0xc C:/ST/STM32CubeIDE_2.1.1/STM32CubeIDE/plugins/com.st.stm32cube.ide.mcu.externaltools.gnu-tools-for-stm32.14.3.rel1.win32_1.0.100.202602081740/tools/bin/../lib/gcc/arm-none-eabi/14.3.1/../../../../arm-none-eabi/lib/thumb/v7e-m+fp/hard\libc_nano.a(libm_a-sf_nan.o)
                0x08010e58                nanf
 .text.__assert_func
                0x08010e64       0x3c C:/ST/STM32CubeIDE_2.1.1/STM32CubeIDE/plugins/com.st.stm32cube.ide.mcu.externaltools.gnu-tools-for-stm32.14.3.rel1.win32_1.0.100.202602081740/tools/bin/../lib/gcc/arm-none-eabi/14.3.1/../../../../arm-none-eabi/lib/thumb/v7e-m+fp/hard\libc_nano.a(libc_a-assert.o)
                0x08010e64                __assert_func
 .text.quorem   0x08010ea0      0x110 C:/ST/STM32CubeIDE_2.1.1/STM32CubeIDE/plugins/com.st.stm32cube.ide.mcu.externaltools.gnu-tools-for-stm32.14.3.rel1.win32_1.0.100.202602081740/tools/bin/../lib/gcc/arm-none-eabi/14.3.1/../../../../arm-none-eabi/lib/thumb/v7e-m+fp/hard\libc_nano.a(libc_a-dtoa.o)
 .text._dtoa_r  0x08010fb0      0xbb8 C:/ST/STM32CubeIDE_2.1.1/STM32CubeIDE/plugins/com.st.stm32cube.ide.mcu.externaltools.gnu-tools-for-stm32.14.3.rel1.win32_1.0.100.202602081740/tools/bin/../lib/gcc/arm-none-eabi/14.3.1/../../../../arm-none-eabi/lib/thumb/v7e-m+fp/hard\libc_nano.a(libc_a-dtoa.o)
                0x08010fb0                _dtoa_r
 .text._free_r  0x08011b68       0x94 C:/ST/STM32CubeIDE_2.1.1/STM32CubeIDE/plugins/com.st.stm32cube.ide.mcu.externaltools.gnu-tools-for-stm32.14.3.rel1.win32_1.0.100.202602081740/tools/bin/../lib/gcc/arm-none-eabi/14.3.1/../../../../arm-none-eabi/lib/thumb/v7e-m+fp/hard\libc_nano.a(libc_a-freer.o)
                0x08011b68                _free_r
 .text.rshift   0x08011bfc       0xa4 C:/ST/STM32CubeIDE_2.1.1/STM32CubeIDE/plugins/com.st.stm32cube.ide.mcu.externaltools.gnu-tools-for-stm32.14.3.rel1.win32_1.0.100.202602081740/tools/bin/../lib/gcc/arm-none-eabi/14.3.1/../../../../arm-none-eabi/lib/thumb/v7e-m+fp/hard\libc_nano.a(libc_a-gdtoa-gethex.o)
 .text.__hexdig_fun
                0x08011ca0       0x2a C:/ST/STM32CubeIDE_2.1.1/STM32CubeIDE/plugins/com.st.stm32cube.ide.mcu.externaltools.gnu-tools-for-stm32.14.3.rel1.win32_1.0.100.202602081740/tools/bin/../lib/gcc/arm-none-eabi/14.3.1/../../../../arm-none-eabi/lib/thumb/v7e-m+fp/hard\libc_nano.a(libc_a-gdtoa-gethex.o)
                0x08011ca0                __hexdig_fun
 *fill*         0x08011cca        0x2 
 .text.__gethex
                0x08011ccc      0x420 C:/ST/STM32CubeIDE_2.1.1/STM32CubeIDE/plugins/com.st.stm32cube.ide.mcu.externaltools.gnu-tools-for-stm32.14.3.rel1.win32_1.0.100.202602081740/tools/bin/../lib/gcc/arm-none-eabi/14.3.1/../../../../arm-none-eabi/lib/thumb/v7e-m+fp/hard\libc_nano.a(libc_a-gdtoa-gethex.o)
                0x08011ccc                __gethex
 .text.L_shift  0x080120ec       0x24 C:/ST/STM32CubeIDE_2.1.1/STM32CubeIDE/plugins/com.st.stm32cube.ide.mcu.externaltools.gnu-tools-for-stm32.14.3.rel1.win32_1.0.100.202602081740/tools/bin/../lib/gcc/arm-none-eabi/14.3.1/../../../../arm-none-eabi/lib/thumb/v7e-m+fp/hard\libc_nano.a(libc_a-gdtoa-hexnan.o)
 .text.__match  0x08012110       0x28 C:/ST/STM32CubeIDE_2.1.1/STM32CubeIDE/plugins/com.st.stm32cube.ide.mcu.externaltools.gnu-tools-for-stm32.14.3.rel1.win32_1.0.100.202602081740/tools/bin/../lib/gcc/arm-none-eabi/14.3.1/../../../../arm-none-eabi/lib/thumb/v7e-m+fp/hard\libc_nano.a(libc_a-gdtoa-hexnan.o)
                0x08012110                __match
 .text.__hexnan
                0x08012138      0x13a C:/ST/STM32CubeIDE_2.1.1/STM32CubeIDE/plugins/com.st.stm32cube.ide.mcu.externaltools.gnu-tools-for-stm32.14.3.rel1.win32_1.0.100.202602081740/tools/bin/../lib/gcc/arm-none-eabi/14.3.1/../../../../arm-none-eabi/lib/thumb/v7e-m+fp/hard\libc_nano.a(libc_a-gdtoa-hexnan.o)
                0x08012138                __hexnan
 *fill*         0x08012272        0x2 
 .text.malloc   0x08012274       0x10 C:/ST/STM32CubeIDE_2.1.1/STM32CubeIDE/plugins/com.st.stm32cube.ide.mcu.externaltools.gnu-tools-for-stm32.14.3.rel1.win32_1.0.100.202602081740/tools/bin/../lib/gcc/arm-none-eabi/14.3.1/../../../../arm-none-eabi/lib/thumb/v7e-m+fp/hard\libc_nano.a(libc_a-malloc.o)
                0x08012274                malloc
 .text.sbrk_aligned
                0x08012284       0x44 C:/ST/STM32CubeIDE_2.1.1/STM32CubeIDE/plugins/com.st.stm32cube.ide.mcu.externaltools.gnu-tools-for-stm32.14.3.rel1.win32_1.0.100.202602081740/tools/bin/../lib/gcc/arm-none-eabi/14.3.1/../../../../arm-none-eabi/lib/thumb/v7e-m+fp/hard\libc_nano.a(libc_a-mallocr.o)
 .text._malloc_r
                0x080122c8      0x100 C:/ST/STM32CubeIDE_2.1.1/STM32CubeIDE/plugins/com.st.stm32cube.ide.mcu.externaltools.gnu-tools-for-stm32.14.3.rel1.win32_1.0.100.202602081740/tools/bin/../lib/gcc/arm-none-eabi/14.3.1/../../../../arm-none-eabi/lib/thumb/v7e-m+fp/hard\libc_nano.a(libc_a-mallocr.o)
                0x080122c8                _malloc_r
 .text.__ascii_mbtowc
                0x080123c8       0x24 C:/ST/STM32CubeIDE_2.1.1/STM32CubeIDE/plugins/com.st.stm32cube.ide.mcu.externaltools.gnu-tools-for-stm32.14.3.rel1.win32_1.0.100.202602081740/tools/bin/../lib/gcc/arm-none-eabi/14.3.1/../../../../arm-none-eabi/lib/thumb/v7e-m+fp/hard\libc_nano.a(libc_a-mbtowc_r.o)
                0x080123c8                __ascii_mbtowc
 .text.__malloc_lock
                0x080123ec        0xc C:/ST/STM32CubeIDE_2.1.1/STM32CubeIDE/plugins/com.st.stm32cube.ide.mcu.externaltools.gnu-tools-for-stm32.14.3.rel1.win32_1.0.100.202602081740/tools/bin/../lib/gcc/arm-none-eabi/14.3.1/../../../../arm-none-eabi/lib/thumb/v7e-m+fp/hard\libc_nano.a(libc_a-mlock.o)
                0x080123ec                __malloc_lock
 .text.__malloc_unlock
                0x080123f8        0xc C:/ST/STM32CubeIDE_2.1.1/STM32CubeIDE/plugins/com.st.stm32cube.ide.mcu.externaltools.gnu-tools-for-stm32.14.3.rel1.win32_1.0.100.202602081740/tools/bin/../lib/gcc/arm-none-eabi/14.3.1/../../../../arm-none-eabi/lib/thumb/v7e-m+fp/hard\libc_nano.a(libc_a-mlock.o)
                0x080123f8                __malloc_unlock
 .text._Balloc  0x08012404       0x7c C:/ST/STM32CubeIDE_2.1.1/STM32CubeIDE/plugins/com.st.stm32cube.ide.mcu.externaltools.gnu-tools-for-stm32.14.3.rel1.win32_1.0.100.202602081740/tools/bin/../lib/gcc/arm-none-eabi/14.3.1/../../../../arm-none-eabi/lib/thumb/v7e-m+fp/hard\libc_nano.a(libc_a-mprec.o)
                0x08012404                _Balloc
 .text._Bfree   0x08012480       0x44 C:/ST/STM32CubeIDE_2.1.1/STM32CubeIDE/plugins/com.st.stm32cube.ide.mcu.externaltools.gnu-tools-for-stm32.14.3.rel1.win32_1.0.100.202602081740/tools/bin/../lib/gcc/arm-none-eabi/14.3.1/../../../../arm-none-eabi/lib/thumb/v7e-m+fp/hard\libc_nano.a(libc_a-mprec.o)
                0x08012480                _Bfree
 .text.__multadd
                0x080124c4       0x8c C:/ST/STM32CubeIDE_2.1.1/STM32CubeIDE/plugins/com.st.stm32cube.ide.mcu.externaltools.gnu-tools-for-stm32.14.3.rel1.win32_1.0.100.202602081740/tools/bin/../lib/gcc/arm-none-eabi/14.3.1/../../../../arm-none-eabi/lib/thumb/v7e-m+fp/hard\libc_nano.a(libc_a-mprec.o)
                0x080124c4                __multadd
 .text.__s2b    0x08012550       0x94 C:/ST/STM32CubeIDE_2.1.1/STM32CubeIDE/plugins/com.st.stm32cube.ide.mcu.externaltools.gnu-tools-for-stm32.14.3.rel1.win32_1.0.100.202602081740/tools/bin/../lib/gcc/arm-none-eabi/14.3.1/../../../../arm-none-eabi/lib/thumb/v7e-m+fp/hard\libc_nano.a(libc_a-mprec.o)
                0x08012550                __s2b
 .text.__hi0bits
                0x080125e4       0x3e C:/ST/STM32CubeIDE_2.1.1/STM32CubeIDE/plugins/com.st.stm32cube.ide.mcu.externaltools.gnu-tools-for-stm32.14.3.rel1.win32_1.0.100.202602081740/tools/bin/../lib/gcc/arm-none-eabi/14.3.1/../../../../arm-none-eabi/lib/thumb/v7e-m+fp/hard\libc_nano.a(libc_a-mprec.o)
                0x080125e4                __hi0bits
 .text.__lo0bits
                0x08012622       0x5a C:/ST/STM32CubeIDE_2.1.1/STM32CubeIDE/plugins/com.st.stm32cube.ide.mcu.externaltools.gnu-tools-for-stm32.14.3.rel1.win32_1.0.100.202602081740/tools/bin/../lib/gcc/arm-none-eabi/14.3.1/../../../../arm-none-eabi/lib/thumb/v7e-m+fp/hard\libc_nano.a(libc_a-mprec.o)
                0x08012622                __lo0bits
 .text.__i2b    0x0801267c       0x2c C:/ST/STM32CubeIDE_2.1.1/STM32CubeIDE/plugins/com.st.stm32cube.ide.mcu.externaltools.gnu-tools-for-stm32.14.3.rel1.win32_1.0.100.202602081740/tools/bin/../lib/gcc/arm-none-eabi/14.3.1/../../../../arm-none-eabi/lib/thumb/v7e-m+fp/hard\libc_nano.a(libc_a-mprec.o)
                0x0801267c                __i2b
 .text.__multiply
                0x080126a8      0x154 C:/ST/STM32CubeIDE_2.1.1/STM32CubeIDE/plugins/com.st.stm32cube.ide.mcu.externaltools.gnu-tools-for-stm32.14.3.rel1.win32_1.0.100.202602081740/tools/bin/../lib/gcc/arm-none-eabi/14.3.1/../../../../arm-none-eabi/lib/thumb/v7e-m+fp/hard\libc_nano.a(libc_a-mprec.o)
                0x080126a8                __multiply
 .text.__pow5mult
                0x080127fc       0xb8 C:/ST/STM32CubeIDE_2.1.1/STM32CubeIDE/plugins/com.st.stm32cube.ide.mcu.externaltools.gnu-tools-for-stm32.14.3.rel1.win32_1.0.100.202602081740/tools/bin/../lib/gcc/arm-none-eabi/14.3.1/../../../../arm-none-eabi/lib/thumb/v7e-m+fp/hard\libc_nano.a(libc_a-mprec.o)
                0x080127fc                __pow5mult
 .text.__lshift
                0x080128b4       0xdc C:/ST/STM32CubeIDE_2.1.1/STM32CubeIDE/plugins/com.st.stm32cube.ide.mcu.externaltools.gnu-tools-for-stm32.14.3.rel1.win32_1.0.100.202602081740/tools/bin/../lib/gcc/arm-none-eabi/14.3.1/../../../../arm-none-eabi/lib/thumb/v7e-m+fp/hard\libc_nano.a(libc_a-mprec.o)
                0x080128b4                __lshift
 .text.__mcmp   0x08012990       0x36 C:/ST/STM32CubeIDE_2.1.1/STM32CubeIDE/plugins/com.st.stm32cube.ide.mcu.externaltools.gnu-tools-for-stm32.14.3.rel1.win32_1.0.100.202602081740/tools/bin/../lib/gcc/arm-none-eabi/14.3.1/../../../../arm-none-eabi/lib/thumb/v7e-m+fp/hard\libc_nano.a(libc_a-mprec.o)
                0x08012990                __mcmp
 *fill*         0x080129c6        0x2 
 .text.__mdiff  0x080129c8      0x130 C:/ST/STM32CubeIDE_2.1.1/STM32CubeIDE/plugins/com.st.stm32cube.ide.mcu.externaltools.gnu-tools-for-stm32.14.3.rel1.win32_1.0.100.202602081740/tools/bin/../lib/gcc/arm-none-eabi/14.3.1/../../../../arm-none-eabi/lib/thumb/v7e-m+fp/hard\libc_nano.a(libc_a-mprec.o)
                0x080129c8                __mdiff
 .text.__ulp    0x08012af8       0x4c C:/ST/STM32CubeIDE_2.1.1/STM32CubeIDE/plugins/com.st.stm32cube.ide.mcu.externaltools.gnu-tools-for-stm32.14.3.rel1.win32_1.0.100.202602081740/tools/bin/../lib/gcc/arm-none-eabi/14.3.1/../../../../arm-none-eabi/lib/thumb/v7e-m+fp/hard\libc_nano.a(libc_a-mprec.o)
                0x08012af8                __ulp
 .text.__b2d    0x08012b44       0x94 C:/ST/STM32CubeIDE_2.1.1/STM32CubeIDE/plugins/com.st.stm32cube.ide.mcu.externaltools.gnu-tools-for-stm32.14.3.rel1.win32_1.0.100.202602081740/tools/bin/../lib/gcc/arm-none-eabi/14.3.1/../../../../arm-none-eabi/lib/thumb/v7e-m+fp/hard\libc_nano.a(libc_a-mprec.o)
                0x08012b44                __b2d
 .text.__d2b    0x08012bd8       0xb0 C:/ST/STM32CubeIDE_2.1.1/STM32CubeIDE/plugins/com.st.stm32cube.ide.mcu.externaltools.gnu-tools-for-stm32.14.3.rel1.win32_1.0.100.202602081740/tools/bin/../lib/gcc/arm-none-eabi/14.3.1/../../../../arm-none-eabi/lib/thumb/v7e-m+fp/hard\libc_nano.a(libc_a-mprec.o)
                0x08012bd8                __d2b
 .text.__ratio  0x08012c88       0x64 C:/ST/STM32CubeIDE_2.1.1/STM32CubeIDE/plugins/com.st.stm32cube.ide.mcu.externaltools.gnu-tools-for-stm32.14.3.rel1.win32_1.0.100.202602081740/tools/bin/../lib/gcc/arm-none-eabi/14.3.1/../../../../arm-none-eabi/lib/thumb/v7e-m+fp/hard\libc_nano.a(libc_a-mprec.o)
                0x08012c88                __ratio
 .text.__copybits
                0x08012cec       0x46 C:/ST/STM32CubeIDE_2.1.1/STM32CubeIDE/plugins/com.st.stm32cube.ide.mcu.externaltools.gnu-tools-for-stm32.14.3.rel1.win32_1.0.100.202602081740/tools/bin/../lib/gcc/arm-none-eabi/14.3.1/../../../../arm-none-eabi/lib/thumb/v7e-m+fp/hard\libc_nano.a(libc_a-mprec.o)
                0x08012cec                __copybits
 .text.__any_on
                0x08012d32       0x42 C:/ST/STM32CubeIDE_2.1.1/STM32CubeIDE/plugins/com.st.stm32cube.ide.mcu.externaltools.gnu-tools-for-stm32.14.3.rel1.win32_1.0.100.202602081740/tools/bin/../lib/gcc/arm-none-eabi/14.3.1/../../../../arm-none-eabi/lib/thumb/v7e-m+fp/hard\libc_nano.a(libc_a-mprec.o)
                0x08012d32                __any_on
 .text._strtol_l.isra.0
                0x08012d74       0xf4 C:/ST/STM32CubeIDE_2.1.1/STM32CubeIDE/plugins/com.st.stm32cube.ide.mcu.externaltools.gnu-tools-for-stm32.14.3.rel1.win32_1.0.100.202602081740/tools/bin/../lib/gcc/arm-none-eabi/14.3.1/../../../../arm-none-eabi/lib/thumb/v7e-m+fp/hard\libc_nano.a(libc_a-strtol.o)
 .text._strtol_r
                0x08012e68        0x4 C:/ST/STM32CubeIDE_2.1.1/STM32CubeIDE/plugins/com.st.stm32cube.ide.mcu.externaltools.gnu-tools-for-stm32.14.3.rel1.win32_1.0.100.202602081740/tools/bin/../lib/gcc/arm-none-eabi/14.3.1/../../../../arm-none-eabi/lib/thumb/v7e-m+fp/hard\libc_nano.a(libc_a-strtol.o)
                0x08012e68                _strtol_r
 .text.__ascii_wctomb
                0x08012e6c       0x1a C:/ST/STM32CubeIDE_2.1.1/STM32CubeIDE/plugins/com.st.stm32cube.ide.mcu.externaltools.gnu-tools-for-stm32.14.3.rel1.win32_1.0.100.202602081740/tools/bin/../lib/gcc/arm-none-eabi/14.3.1/../../../../arm-none-eabi/lib/thumb/v7e-m+fp/hard\libc_nano.a(libc_a-wctomb_r.o)
                0x08012e6c                __ascii_wctomb
 .text.__ssputs_r
                0x08012e86       0xc0 C:/ST/STM32CubeIDE_2.1.1/STM32CubeIDE/plugins/com.st.stm32cube.ide.mcu.externaltools.gnu-tools-for-stm32.14.3.rel1.win32_1.0.100.202602081740/tools/bin/../lib/gcc/arm-none-eabi/14.3.1/../../../../arm-none-eabi/lib/thumb/v7e-m+fp/hard\libc_nano.a(libc_a-nano-svfprintf.o)
                0x08012e86                __ssputs_r
 *fill*         0x08012f46        0x2 
 .text._svfprintf_r
                0x08012f48      0x1f0 C:/ST/STM32CubeIDE_2.1.1/STM32CubeIDE/plugins/com.st.stm32cube.ide.mcu.externaltools.gnu-tools-for-stm32.14.3.rel1.win32_1.0.100.202602081740/tools/bin/../lib/gcc/arm-none-eabi/14.3.1/../../../../arm-none-eabi/lib/thumb/v7e-m+fp/hard\libc_nano.a(libc_a-nano-svfprintf.o)
                0x08012f48                _svfiprintf_r
                0x08012f48                _svfprintf_r
 .text.__sflush_r
                0x08013138      0x104 C:/ST/STM32CubeIDE_2.1.1/STM32CubeIDE/plugins/com.st.stm32cube.ide.mcu.externaltools.gnu-tools-for-stm32.14.3.rel1.win32_1.0.100.202602081740/tools/bin/../lib/gcc/arm-none-eabi/14.3.1/../../../../arm-none-eabi/lib/thumb/v7e-m+fp/hard\libc_nano.a(libc_a-fflush.o)
                0x08013138                __sflush_r
 .text._fflush_r
                0x0801323c       0x50 C:/ST/STM32CubeIDE_2.1.1/STM32CubeIDE/plugins/com.st.stm32cube.ide.mcu.externaltools.gnu-tools-for-stm32.14.3.rel1.win32_1.0.100.202602081740/tools/bin/../lib/gcc/arm-none-eabi/14.3.1/../../../../arm-none-eabi/lib/thumb/v7e-m+fp/hard\libc_nano.a(libc_a-fflush.o)
                0x0801323c                _fflush_r
 .text.fprintf  0x0801328c       0x24 C:/ST/STM32CubeIDE_2.1.1/STM32CubeIDE/plugins/com.st.stm32cube.ide.mcu.externaltools.gnu-tools-for-stm32.14.3.rel1.win32_1.0.100.202602081740/tools/bin/../lib/gcc/arm-none-eabi/14.3.1/../../../../arm-none-eabi/lib/thumb/v7e-m+fp/hard\libc_nano.a(libc_a-fprintf.o)
                0x0801328c                fiprintf
                0x0801328c                fprintf
 .text.__swhatbuf_r
                0x080132b0       0x48 C:/ST/STM32CubeIDE_2.1.1/STM32CubeIDE/plugins/com.st.stm32cube.ide.mcu.externaltools.gnu-tools-for-stm32.14.3.rel1.win32_1.0.100.202602081740/tools/bin/../lib/gcc/arm-none-eabi/14.3.1/../../../../arm-none-eabi/lib/thumb/v7e-m+fp/hard\libc_nano.a(libc_a-makebuf.o)
                0x080132b0                __swhatbuf_r
 .text.__smakebuf_r
                0x080132f8       0x72 C:/ST/STM32CubeIDE_2.1.1/STM32CubeIDE/plugins/com.st.stm32cube.ide.mcu.externaltools.gnu-tools-for-stm32.14.3.rel1.win32_1.0.100.202602081740/tools/bin/../lib/gcc/arm-none-eabi/14.3.1/../../../../arm-none-eabi/lib/thumb/v7e-m+fp/hard\libc_nano.a(libc_a-makebuf.o)
                0x080132f8                __smakebuf_r
 .text.memmove  0x0801336a       0x32 C:/ST/STM32CubeIDE_2.1.1/STM32CubeIDE/plugins/com.st.stm32cube.ide.mcu.externaltools.gnu-tools-for-stm32.14.3.rel1.win32_1.0.100.202602081740/tools/bin/../lib/gcc/arm-none-eabi/14.3.1/../../../../arm-none-eabi/lib/thumb/v7e-m+fp/hard\libc_nano.a(libc_a-memmove.o)
                0x0801336a                memmove
 .text._fstat_r
                0x0801339c       0x24 C:/ST/STM32CubeIDE_2.1.1/STM32CubeIDE/plugins/com.st.stm32cube.ide.mcu.externaltools.gnu-tools-for-stm32.14.3.rel1.win32_1.0.100.202602081740/tools/bin/../lib/gcc/arm-none-eabi/14.3.1/../../../../arm-none-eabi/lib/thumb/v7e-m+fp/hard\libc_nano.a(libc_a-fstatr.o)
                0x0801339c                _fstat_r
 .text._isatty_r