../Core/Peripheral/GPS/gps_gp02.c:35:6:GPS_SendCommand	160	static
../Core/Peripheral/GPS/gps_gp02.c:67:6:GPS_Init	8	static
../Core/Peripheral/GPS/gps_gp02.c:84:6:GPS_Hardware_Reset	8	static
../Core/Peripheral/GPS/gps_gp02.c:92:6:GPS_Power_Control	16	static
../Core/Peripheral/GPS/gps_gp02.c:109:14:NMEA_To_Decimal	32	static
../Core/Peripheral/GPS/gps_gp02.c:128:14:Get_Median	48	static
../Core/Peripheral/GPS/gps_gp02.c:151:13:Parse_NMEA_RMC	48	static
../Core/Peripheral/GPS/gps_gp02.c:216:6:GPS_UART_Callback	16	static
../Core/Peripheral/GPS/gps_gp02.c:246:6:GPS_Process_Loop	8	static
../Core/Peripheral/GPS/gps_gp02.c:260:6:HAL_UART_RxCpltCallback	16	static
